2026-01-21 21:13:30: Logged in
2026-01-21 21:13:31: No new messages to process.
2026-01-21 21:16:13: Logged in
2026-01-21 21:16:14: No new messages to process.
2026-01-21 21:16:32: Logged in
2026-01-21 21:16:33: Skipping 4700: no media
2026-01-21 21:16:33: Skipping 4701: no media
2026-01-21 21:16:33: Skipping 4703: no media
2026-01-21 21:16:33: Skipping 4704: no media
2026-01-21 21:16:33: Skipping 4705: no media
2026-01-21 21:16:33: Skipping 4707: no media
2026-01-21 21:16:33: Skipping 4708: no media
2026-01-21 21:16:33: Skipping 4709: no media
2026-01-21 21:16:33: Processing message 4711...
2026-01-21 21:16:33: Uploading to target channel 3130614830 with filename 2026-01-11.jpg...
2026-01-21 21:16:34: Uploaded message 4711 -> target
2026-01-21 21:16:34: Processing message 4712...
2026-01-21 21:16:34: Uploading to target channel 3130614830 with filename 2026-01-11.jpg...
2026-01-21 21:16:34: Uploaded message 4712 -> target
2026-01-21 21:16:34: Processing message 4713...
2026-01-21 21:16:34: Uploading to target channel 3130614830 with filename 2026-01-11.jpg...
2026-01-21 21:16:35: Uploaded message 4713 -> target
2026-01-21 21:16:35: Processing message 4714...
2026-01-21 21:16:35: Uploading to target channel 3130614830 with filename 2026-01-11.jpg...
2026-01-21 21:16:35: Uploaded message 4714 -> target
2026-01-21 21:16:35: Processing message 4715...
2026-01-21 21:16:35: Uploading to target channel 3130614830 with filename 2026-01-11.jpg...
2026-01-21 21:16:36: Uploaded message 4715 -> target
2026-01-21 21:16:36: Processing message 4716...
2026-01-21 21:16:36: Uploading to target channel 3130614830 with filename 2026-01-11.jpg...
2026-01-21 21:16:36: Uploaded message 4716 -> target
2026-01-21 21:16:36: Processing message 4717...
2026-01-21 21:16:36: Uploading to target channel 3130614830 with filename 2026-01-11.jpg...
2026-01-21 21:16:37: Uploaded message 4717 -> target
2026-01-21 21:16:37: Processing message 4718...
2026-01-21 21:16:37: Uploading to target channel 3130614830 with filename 2026-01-11.jpg...
2026-01-21 21:16:37: Uploaded message 4718 -> target
2026-01-21 21:16:37: Skipping 4719: no media
2026-01-21 21:16:37: Skipping 4720: no media
2026-01-21 21:16:37: Skipping 4721: no media
2026-01-21 21:16:37: Skipping 4722: no media
2026-01-21 21:16:37: Processing message 4724...
2026-01-21 21:16:40: Uploading to target channel 3130614830 with filename 2026-01-13.jpg...
2026-01-21 21:16:40: Uploaded message 4724 -> target
2026-01-21 21:16:40: Skipping 4725: no media
2026-01-21 21:16:40: Skipping 4726: no media
2026-01-21 21:16:40: Processing message 4727...
2026-01-21 21:16:40: Uploading to target channel 3130614830 with filename 2026-01-13.jpg...
2026-01-21 21:16:41: Uploaded message 4727 -> target
2026-01-21 21:16:41: Skipping 4728: no media
2026-01-21 21:16:41: Skipping 4730: no media
2026-01-21 21:16:41: Skipping 4731: no media
2026-01-21 21:16:41: Skipping 4732: no media
2026-01-21 21:16:41: Skipping 4734: no media
2026-01-21 21:16:41: Skipping 4735: no media
2026-01-21 21:16:41: Skipping 4736: no media
2026-01-21 21:16:41: Skipping 4738: no media
2026-01-21 21:16:41: Skipping 4739: no media
2026-01-21 21:16:41: Skipping 4740: no media
2026-01-21 21:16:41: Skipping 4741: no media
2026-01-21 21:16:41: Processing message 4743...
2026-01-21 21:16:41: Uploading to target channel 3130614830 with filename 2026-01-16.jpg...
2026-01-21 21:16:42: Uploaded message 4743 -> target
2026-01-21 21:16:42: Skipping 4744: no media
2026-01-21 21:16:42: Skipping 4745: no media
2026-01-21 21:16:42: Processing message 4746...
2026-01-21 21:16:42: Uploading to target channel 3130614830 with filename 2026-01-17.jpg...
2026-01-21 21:16:43: Uploaded message 4746 -> target
2026-01-21 21:16:43: Processing message 4747...
2026-01-21 21:16:43: Uploading to target channel 3130614830 with filename 2026-01-17.jpg...
2026-01-21 21:16:44: Uploaded message 4747 -> target
2026-01-21 21:16:44: Processing message 4748...
2026-01-21 21:16:44: Uploading to target channel 3130614830 with filename 2026-01-17.jpg...
2026-01-21 21:16:44: Uploaded message 4748 -> target
2026-01-21 21:16:44: Skipping 4749: no media
2026-01-21 21:16:44: Skipping 4751: no media
2026-01-21 21:16:44: Skipping 4752: no media
2026-01-21 21:16:44: Skipping 4753: no media
2026-01-21 21:16:44: Skipping 4755: no media
2026-01-21 21:16:44: Skipping 4756: no media
2026-01-21 21:16:44: Skipping 4757: no media
2026-01-21 21:16:44: Processing message 4758...
2026-01-21 21:16:57: Uploading to target channel 3130614830 with filename 2026-01-19.m4a...
2026-01-21 21:16:57: 
2026-01-21 21:17:17: Uploaded message 4758 -> target
2026-01-21 21:17:20: Skipping 4759: no media
2026-01-21 21:17:20: Skipping 4760: no media
2026-01-21 21:17:20: Skipping 4761: no media
2026-01-21 21:17:20: Skipping 4762: no media
2026-01-21 21:17:20: Processing message 4763...
2026-01-21 21:17:28: Uploading to target channel 3130614830 with filename 2026-01-20.oga...
2026-01-21 21:17:40: Uploaded message 4763 -> target
2026-01-21 21:17:40: Processing message 4764...
2026-01-21 21:17:40: Uploading to target channel 3130614830 with filename 2026-01-20.jpg...
2026-01-21 21:17:41: Uploaded message 4764 -> target
2026-01-21 21:17:41: Processing message 4765...
2026-01-21 21:17:41: Uploading to target channel 3130614830 with filename 2026-01-21.jpg...
2026-01-21 21:17:42: Uploaded message 4765 -> target
2026-01-21 21:17:42: Skipping 4766: no media
2026-01-21 21:17:42: Skipping 4767: no media
2026-01-21 21:17:42: Skipping 4768: no media
2026-01-21 21:17:42: Processing message 4769...
2026-01-21 21:17:49: Uploading to target channel 3130614830 with filename 2026-01-21.oga...
2026-01-21 21:18:02: Uploaded message 4769 -> target
2026-01-21 21:18:02: Processing message 4770...
2026-01-21 21:18:02: Uploading to target channel 3130614830 with filename 2026-01-21.jpg...
2026-01-21 21:18:03: Uploaded message 4770 -> target
2026-01-21 21:18:38: Logged in
2026-01-21 21:18:38: No new messages to process.
2026-01-21 21:18:54: Logged in
2026-01-21 21:18:55: Processing message 4770...
2026-01-21 21:18:55: Uploading to target channel 3130614830 with filename 2026-01-21.jpg...
2026-01-21 21:18:55: Uploaded message 4770 -> target
2026-01-21 21:20:25: Logged in
2026-01-21 21:20:25: No new messages to process.
2026-01-22 17:00:02: Logged in
2026-01-22 17:00:02: Skipping 4771: no media
2026-01-22 17:00:02: Skipping 4772: no media
2026-01-22 17:00:02: Skipping 4773: no media
2026-01-22 17:00:02: Processing message 4774...
2026-01-22 17:00:08: Uploading to target channel 3130614830 with filename 2026-01-22.oga...
2026-01-22 17:00:08: 
2026-01-22 17:00:17: Uploaded message 4774 -> target
2026-01-22 17:00:17: 
2026-01-22 17:00:17: Skipping 4775: no media
2026-01-24 00:36:55: Logged in
2026-01-24 00:36:55: Skipping 4776: no media
2026-01-24 00:36:55: Skipping 4777: no media
2026-01-24 00:36:55: Skipping 4778: no media
2026-01-24 00:36:55: Processing message 4779...
2026-01-24 00:37:01: Uploading to target channel 3130614830 with filename 2026-01-23.oga...
2026-01-24 00:37:10: Uploaded message 4779 -> target
2026-01-24 17:00:01: Logged in
2026-01-24 17:00:01: Skipping 4780: no media
2026-01-24 17:00:01: Skipping 4781: no media
2026-01-24 17:00:01: Processing message 4782...
2026-01-24 17:00:01: Uploading to target channel 3130614830 with filename 2026-01-24.jpg...
2026-01-24 17:00:02: Uploaded message 4782 -> target
2026-01-24 17:00:02: Processing message 4783...
2026-01-24 17:00:02: Uploading to target channel 3130614830 with filename 2026-01-24.jpg...
2026-01-24 17:00:03: Uploaded message 4783 -> target
2026-01-24 17:00:03: Processing message 4784...
2026-01-24 17:00:03: Uploading to target channel 3130614830 with filename 2026-01-24.jpg...
2026-01-24 17:00:04: Uploaded message 4784 -> target
2026-01-24 17:00:04: Skipping 4785: no media
2026-01-24 17:00:04: Processing message 4786...
2026-01-24 17:00:12: Uploading to target channel 3130614830 with filename 2026-01-24.oga...
2026-01-24 17:00:24: Uploaded message 4786 -> target
2026-01-26 00:56:01: Logged in
2026-01-26 00:56:02: Skipping 4787: no media
2026-01-26 00:56:02: Skipping 4788: no media
2026-01-26 00:56:02: Skipping 4789: no media
2026-01-26 00:56:02: Skipping 4790: no media
2026-01-26 00:56:02: Processing message 4791...
2026-01-26 00:56:06: Uploading to target channel 3130614830 with filename 2026-01-25.oga...
2026-01-26 00:56:12: Uploaded message 4791 -> target
2026-01-26 17:00:00: Logged in
2026-01-26 17:00:01: Skipping 4792: no media
2026-01-26 17:00:01: Skipping 4793: no media
2026-01-26 17:00:01: Processing message 4794...
2026-01-26 17:00:07: Uploading to target channel 3130614830 with filename 2026-01-26.mp4...
2026-01-26 17:00:16: Uploaded message 4794 -> target
2026-01-26 17:00:16: Skipping 4795: no media
2026-01-26 17:00:16: Processing message 4796...
2026-01-26 17:00:26: Uploading to target channel 3130614830 with filename 2026-01-26.m4a...
2026-01-26 17:00:43: Uploaded message 4796 -> target
2026-01-27 17:00:01: Logged in
2026-01-27 17:00:01: Processing message 4797...
2026-01-27 17:00:04: Uploading to target channel 3130614830 with filename 2026-01-26.jpg...
2026-01-27 17:00:04: Uploaded message 4797 -> target
2026-01-27 17:00:04: Skipping 4798: no media
2026-01-27 17:00:04: Skipping 4799: no media
2026-01-27 17:00:04: Skipping 4800: no media
2026-01-27 17:00:04: Processing message 4801...
2026-01-27 17:00:22: Uploading to target channel 3130614830 with filename 2026-01-27.oga...
2026-01-27 17:00:36: Uploaded message 4801 -> target
2026-01-27 17:00:36: Processing message 4802...
2026-01-27 17:00:36: Uploading to target channel 3130614830 with filename 2026-01-27.jpg...
2026-01-27 17:00:36: Uploaded message 4802 -> target
2026-01-28 17:00:00: Logged in
2026-01-28 17:00:01: Skipping 4803: no media
2026-01-28 17:00:01: Skipping 4804: no media
2026-01-28 17:00:01: Skipping 4805: no media
2026-01-28 17:00:01: Processing message 4806...
2026-01-28 17:00:06: Uploading to target channel 3130614830 with filename 2026-01-28.oga...
2026-01-28 17:00:15: Uploaded message 4806 -> target
2026-02-13 18:13:53: Logged in
2026-02-13 18:13:53: Skipping 4807: no media
2026-02-13 18:13:53: Skipping 4808: no media
2026-02-13 18:13:53: Processing message 4809...
2026-02-13 18:13:53: Uploading to target channel 3130614830 with filename 2026-01-29.jpg...
2026-02-13 18:13:53: Uploaded message 4809 -> target
2026-02-13 18:13:53: Skipping 4810: no media
2026-02-13 18:13:53: Skipping 4812: no media
2026-02-13 18:13:53: Skipping 4813: no media
2026-02-13 18:13:53: Skipping 4814: no media
2026-02-13 18:13:53: Processing message 4816...
2026-02-13 18:13:53: Uploading to target channel 3130614830 with filename 2026-01-31.jpg...
2026-02-13 18:13:54: Uploaded message 4816 -> target
2026-02-13 18:13:54: Skipping 4817: no media
2026-02-13 18:13:54: Skipping 4818: no media
2026-02-13 18:13:54: Skipping 4819: no media
2026-02-13 18:13:54: Skipping 4821: no media
2026-02-13 18:13:54: Skipping 4822: no media
2026-02-13 18:13:54: Processing message 4824...
2026-02-13 18:13:56: Uploading to target channel 3130614830 with filename 2026-02-01.jpg...
2026-02-13 18:13:57: Uploaded message 4824 -> target
2026-02-13 18:13:57: Skipping 4825: no media
2026-02-13 18:13:57: Skipping 4827: no media
2026-02-13 18:13:57: Skipping 4828: no media
2026-02-13 18:13:57: Skipping 4829: no media
2026-02-13 18:13:57: Skipping 4830: no media
2026-02-13 18:13:57: Skipping 4831: no media
2026-02-13 18:13:57: Skipping 4832: no media
2026-02-13 18:13:57: Skipping 4833: no media
2026-02-13 18:13:57: Processing message 4835...
2026-02-13 18:13:57: Uploading to target channel 3130614830 with filename 2026-02-04.jpg...
2026-02-13 18:13:57: Uploaded message 4835 -> target
2026-02-13 18:13:57: Skipping 4836: no media
2026-02-13 18:13:57: Skipping 4837: no media
2026-02-13 18:13:57: Skipping 4838: no media
2026-02-13 18:13:57: Skipping 4840: no media
2026-02-13 18:13:57: Skipping 4841: no media
2026-02-13 18:13:57: Skipping 4842: no media
2026-02-13 18:13:57: Processing message 4843...
2026-02-13 18:14:01: Uploading to target channel 3130614830 with filename 2026-02-05.mp4...
2026-02-13 18:14:06: Uploaded message 4843 -> target
2026-02-13 18:14:06: Skipping 4844: no media
2026-02-13 18:14:06: Processing message 4845...
2026-02-13 18:14:18: Uploading to target channel 3130614830 with filename 2026-02-05.mp4...
2026-02-13 18:14:33: Uploaded message 4845 -> target
2026-02-13 18:14:33: Skipping 4846: no media
2026-02-13 18:14:33: Skipping 4847: no media
2026-02-13 18:14:33: Skipping 4849: no media
2026-02-13 18:14:33: Skipping 4850: no media
2026-02-13 18:14:33: Skipping 4851: no media
2026-02-13 18:14:33: Processing message 4852...
2026-02-13 18:14:34: Uploading to target channel 3130614830 with filename 2026-02-06.jpg...
2026-02-13 18:14:34: Uploaded message 4852 -> target
2026-02-13 18:14:34: Skipping 4853: no media
2026-02-13 18:14:34: Skipping 4854: no media
2026-02-13 18:14:34: Processing message 4855...
2026-02-13 18:14:34: Uploading to target channel 3130614830 with filename 2026-02-06.jpg...
2026-02-13 18:14:35: Uploaded message 4855 -> target
2026-02-13 18:14:35: Processing message 4856...
2026-02-13 18:14:35: Uploading to target channel 3130614830 with filename 2026-02-06.jpg...
2026-02-13 18:14:35: Uploaded message 4856 -> target
2026-02-13 18:14:35: Skipping 4857: no media
2026-02-13 18:14:35: Skipping 4858: no media
2026-02-13 18:14:35: Processing message 4860...
2026-02-13 18:14:35: Uploading to target channel 3130614830 with filename 2026-02-06.jpg...
2026-02-13 18:14:36: Uploaded message 4860 -> target
2026-02-13 18:14:36: Processing message 4861...
2026-02-13 18:14:36: Uploading to target channel 3130614830 with filename 2026-02-06.jpg...
2026-02-13 18:14:36: Uploaded message 4861 -> target
2026-02-13 18:14:36: Processing message 4862...
2026-02-13 18:14:36: Uploading to target channel 3130614830 with filename 2026-02-06.jpg...
2026-02-13 18:14:37: Uploaded message 4862 -> target
2026-02-13 18:14:37: Processing message 4863...
2026-02-13 18:14:37: Uploading to target channel 3130614830 with filename 2026-02-06.jpg...
2026-02-13 18:14:37: Uploaded message 4863 -> target
2026-02-13 18:14:37: Skipping 4864: no media
2026-02-13 18:14:37: Skipping 4865: no media
2026-02-13 18:14:37: Skipping 4866: no media
2026-02-13 18:14:37: Skipping 4868: no media
2026-02-13 18:14:37: Skipping 4869: no media
2026-02-13 18:14:37: Skipping 4870: no media
2026-02-13 18:14:37: Skipping 4872: no media
2026-02-13 18:14:37: Processing message 4873...
2026-02-13 18:14:37: Uploading to target channel 3130614830 with filename 2026-02-08.jpg...
2026-02-13 18:14:37: Uploaded message 4873 -> target
2026-02-13 18:14:37: Processing message 4874...
2026-02-13 18:14:37: Uploading to target channel 3130614830 with filename 2026-02-08.jpg...
2026-02-13 18:14:38: Uploaded message 4874 -> target
2026-02-13 18:14:38: Processing message 4875...
2026-02-13 18:14:38: Uploading to target channel 3130614830 with filename 2026-02-08.jpg...
2026-02-13 18:14:38: Uploaded message 4875 -> target
2026-02-13 18:14:38: Processing message 4876...
2026-02-13 18:14:38: Uploading to target channel 3130614830 with filename 2026-02-08.jpg...
2026-02-13 18:14:38: Uploaded message 4876 -> target
2026-02-13 18:14:38: Processing message 4877...
2026-02-13 18:14:39: Uploading to target channel 3130614830 with filename 2026-02-08.jpg...
2026-02-13 18:14:39: Uploaded message 4877 -> target
2026-02-13 18:14:39: Skipping 4878: no media
2026-02-13 18:14:39: Skipping 4879: no media
2026-02-13 18:14:39: Skipping 4880: no media
2026-02-13 18:14:39: Skipping 4881: no media
2026-02-13 18:14:39: Processing message 4883...
2026-02-13 18:14:39: Uploading to target channel 3130614830 with filename 2026-02-10.jpg...
2026-02-13 18:14:39: Uploaded message 4883 -> target
2026-02-13 18:14:39: Skipping 4884: no media
2026-02-13 18:14:39: Skipping 4885: no media
2026-02-13 18:14:39: Skipping 4886: no media
2026-02-13 18:14:39: Processing message 4888...
2026-02-13 18:14:40: Uploading to target channel 3130614830 with filename 2026-02-10.jpg...
2026-02-13 18:14:40: Uploaded message 4888 -> target
2026-02-13 18:14:40: Skipping 4889: no media
2026-02-13 18:14:40: Skipping 4890: no media
2026-02-13 18:14:40: Skipping 4892: no media
2026-02-13 18:14:40: Skipping 4893: no media
2026-02-13 18:14:40: Skipping 4894: no media
2026-02-13 18:14:40: Skipping 4895: no media
2026-02-13 18:14:40: Skipping 4897: no media
2026-02-13 18:14:40: Skipping 4898: no media
2026-02-13 18:14:40: Skipping 4899: no media
2026-02-13 18:14:40: Processing message 4900...
2026-02-13 18:14:47: Uploading to target channel 3130614830 with filename 2026-02-13.oga...
2026-02-13 18:14:57: Uploaded message 4900 -> target
2026-02-14 17:00:00: Logged in
2026-02-14 17:00:01: Skipping 4901: no media
2026-02-14 17:00:01: Skipping 4902: no media
2026-02-14 17:00:01: Processing message 4903...
2026-02-14 17:00:39: Uploading to target channel 3130614830 with filename 2026-02-14.m4a...
2026-02-14 17:01:35: Uploaded message 4903 -> target
2026-02-15 17:00:01: Logged in
2026-02-15 17:00:01: Skipping 4904: no media
2026-02-15 17:00:01: Skipping 4905: no media
2026-02-15 17:00:01: Skipping 4906: no media
2026-02-15 17:00:01: Processing message 4907...
2026-02-15 17:00:01: 
2026-02-15 17:00:09: Uploading to target channel 3130614830 with filename 2026-02-15.oga...
2026-02-15 17:00:24: Uploaded message 4907 -> target
2026-02-16 17:00:01: Logged in
2026-02-16 17:00:01: Skipping 4908: no media
2026-02-16 17:00:01: Skipping 4909: no media
2026-02-16 17:00:01: Skipping 4910: no media
2026-02-16 17:00:01: Processing message 4911...
2026-02-16 17:00:01: Uploading to target channel 3130614830 with filename 2026-02-16.jpg...
2026-02-16 17:00:02: Uploaded message 4911 -> target
2026-02-16 17:00:02: Skipping 4912: no media
2026-02-16 17:00:02: Skipping 4913: no media
2026-02-16 17:00:02: Processing message 4914...
2026-02-16 17:00:13: Uploading to target channel 3130614830 with filename 2026-02-16.m4a...
2026-02-16 17:00:27: Uploaded message 4914 -> target
2026-02-17 17:00:00: Logged in
2026-02-17 17:00:01: Processing message 4915...
2026-02-17 17:00:01: Uploading to target channel 3130614830 with filename 2026-02-16.jpg...
2026-02-17 17:00:01: Uploaded message 4915 -> target
2026-02-17 17:00:01: Skipping 4916: no media
2026-02-17 17:00:01: Processing message 4917...
2026-02-17 17:00:04: Uploading to target channel 3130614830 with filename 2026-02-17.jpg...
2026-02-17 17:00:04: Uploaded message 4917 -> target
2026-02-17 17:00:04: Skipping 4918: no media
2026-02-17 17:00:04: Skipping 4919: no media
2026-02-17 17:00:04: Skipping 4920: no media
2026-02-17 17:00:04: Processing message 4921...
2026-02-17 17:00:13: Uploading to target channel 3130614830 with filename 2026-02-17.oga...
2026-02-17 17:00:24: Uploaded message 4921 -> target
2026-02-18 17:00:01: Logged in
2026-02-18 17:00:01: Skipping 4922: no media
2026-02-18 17:00:01: Skipping 4923: no media
2026-02-18 17:00:01: Skipping 4924: no media
2026-02-18 17:00:01: Processing message 4925...
2026-02-18 17:00:07: Uploading to target channel 3130614830 with filename 2026-02-18.oga...
2026-02-18 17:00:17: Uploaded message 4925 -> target
2026-02-18 17:00:17: Processing message 4926...
2026-02-18 17:00:17: Uploading to target channel 3130614830 with filename 2026-02-18.jpg...
2026-02-18 17:00:17: Uploaded message 4926 -> target
2026-02-18 17:00:17: Processing message 4927...
2026-02-18 17:00:17: Uploading to target channel 3130614830 with filename 2026-02-18.jpg...
2026-02-18 17:00:18: Uploaded message 4927 -> target
2026-02-19 17:00:00: Logged in
2026-02-19 17:00:01: Skipping 4928: no media
2026-02-19 17:00:01: Skipping 4929: no media
2026-02-19 17:00:01: Skipping 4930: no media
2026-02-19 17:00:01: Processing message 4931...
2026-02-19 17:00:07: Uploading to target channel 3130614830 with filename 2026-02-19.oga...
2026-02-19 17:00:16: Uploaded message 4931 -> target
2026-02-20 17:00:01: Logged in
2026-02-20 17:00:01: Skipping 4932: no media
2026-02-20 17:00:01: Skipping 4933: no media
2026-02-20 17:00:01: Skipping 4934: no media
2026-02-20 17:00:01: Processing message 4935...
2026-02-20 17:00:10: Uploading to target channel 3130614830 with filename 2026-02-20.oga...
2026-02-20 17:00:22: Uploaded message 4935 -> target
2026-02-21 17:00:01: Logged in
2026-02-21 17:00:01: Skipping 4936: no media
2026-02-21 17:00:01: Skipping 4937: no media
2026-02-21 17:00:01: Skipping 4938: no media
2026-02-21 17:00:01: Processing message 4939...
2026-02-21 17:00:08: Uploading to target channel 3130614830 with filename 2026-02-21.oga...
2026-02-21 17:00:17: Uploaded message 4939 -> target
2026-02-22 17:00:01: Logged in
2026-02-22 17:00:01: Skipping 4940: no media
2026-02-22 17:00:01: Skipping 4941: no media
2026-02-22 17:00:01: Skipping 4942: no media
2026-02-22 17:00:01: Processing message 4943...
2026-02-22 17:00:10: Uploading to target channel 3130614830 with filename 2026-02-22.oga...
2026-02-22 17:00:22: Uploaded message 4943 -> target
2026-02-23 17:00:00: Logged in
2026-02-23 17:00:01: Skipping 4944: no media
2026-02-23 17:00:01: Skipping 4945: no media
2026-02-23 17:00:01: Processing message 4946...
2026-02-23 17:00:12: Uploading to target channel 3130614830 with filename 2026-02-23.m4a...
2026-02-23 17:00:28: Uploaded message 4946 -> target
2026-02-24 17:00:00: Logged in
2026-02-24 17:00:01: Processing message 4947...
2026-02-24 17:00:03: Uploading to target channel 3130614830 with filename 2026-02-23.jpg...
2026-02-24 17:00:03: Uploaded message 4947 -> target
2026-02-24 17:00:03: Skipping 4948: no media
2026-02-24 17:00:03: Skipping 4949: no media
2026-02-24 17:00:03: Processing message 4950...
2026-02-24 17:00:38: Uploading to target channel 3130614830 with filename 2026-02-24.m4a...
2026-02-24 17:01:20: Uploaded message 4950 -> target
2026-02-25 17:00:00: Logged in
2026-02-25 17:00:01: Skipping 4951: no media
2026-02-25 17:00:01: Processing message 4952...
2026-02-25 17:00:34: Uploading to target channel 3130614830 with filename 2026-02-25.m4a...
2026-02-25 17:01:14: Uploaded message 4952 -> target
2026-02-25 17:01:14: Processing message 4953...
2026-02-25 17:01:15: Uploading to target channel 3130614830 with filename 2026-02-25.jpg...
2026-02-25 17:01:15: Uploaded message 4953 -> target
2026-02-25 17:01:15: Processing message 4954...
2026-02-25 17:01:16: Uploading to target channel 3130614830 with filename 2026-02-25.jpg...
2026-02-25 17:01:16: Uploaded message 4954 -> target
2026-02-25 17:01:16: Skipping 4955: no media
2026-02-25 17:01:16: Skipping 4956: no media
2026-02-25 17:01:16: Skipping 4957: no media
2026-02-26 17:00:01: Logged in
2026-02-26 17:00:01: Skipping 4958: no media
2026-02-26 17:00:01: Processing message 4959...
2026-02-26 17:00:47: Uploading to target channel 3130614830 with filename 2026-02-26.m4a...
2026-02-26 17:01:44: Uploaded message 4959 -> target
2026-02-27 17:00:00: Logged in
2026-02-27 17:00:01: Skipping 4960: no media
2026-02-27 17:00:01: Processing message 4961...
2026-02-27 17:00:35: Uploading to target channel 3130614830 with filename 2026-02-27.m4a...
2026-02-27 17:01:16: Uploaded message 4961 -> target
2026-02-28 17:00:00: Logged in
2026-02-28 17:00:01: Skipping 4962: no media
2026-02-28 17:00:01: Processing message 4963...
2026-02-28 17:00:49: Uploading to target channel 3130614830 with filename 2026-02-28.m4a...
2026-02-28 17:01:36: Uploaded message 4963 -> target
2026-03-01 17:00:00: Logged in
2026-03-01 17:00:01: Skipping 4964: no media
2026-03-01 17:00:01: Processing message 4965...
2026-03-01 17:00:38: Uploading to target channel 3130614830 with filename 2026-03-01.m4a...
2026-03-01 17:01:28: Uploaded message 4965 -> target
2026-03-02 17:00:00: Logged in
2026-03-02 17:00:01: Processing message 4966...
2026-03-02 17:00:01: Uploading to target channel 3130614830 with filename 2026-03-02.jpg...
2026-03-02 17:00:01: Uploaded message 4966 -> target
2026-03-02 17:00:01: Skipping 4969: no media
2026-03-02 17:00:01: Processing message 4970...
2026-03-02 17:00:12: Uploading to target channel 3130614830 with filename 2026-03-02.m4a...
2026-03-02 17:00:29: Uploaded message 4970 -> target
2026-03-02 17:00:29: Processing message 4971...
2026-03-02 17:00:30: Uploading to target channel 3130614830 with filename 2026-03-02.mp4...
2026-03-02 17:00:32: Uploaded message 4971 -> target
2026-03-03 12:40:01: Logged in
2026-03-03 12:40:01: Processing message 4973...
2026-03-03 12:40:04: Uploading to target channel 3130614830 with filename 2026-03-03.jpg...
2026-03-03 12:40:04: Uploaded message 4973 -> target
2026-03-03 12:40:04: Skipping 4974: no media
2026-03-03 12:40:04: Processing message 4975...
2026-03-03 12:40:13: Uploading to target channel 3130614830 with filename 2026-03-03.m4a...
2026-03-03 12:40:26: Uploaded message 4975 -> target
2026-03-04 12:00:00: Logged in
2026-03-04 12:00:01: Skipping 4976: no media
2026-03-04 12:00:01: Processing message 4977...
2026-03-04 12:00:42: Uploading to target channel 3130614830 with filename 2026-03-04.m4a...
2026-03-04 12:00:42: 
2026-03-04 12:01:30: Uploaded message 4977 -> target
2026-03-04 13:52:30: Logged in
2026-03-04 13:52:30: No new messages to process.
2026-03-06 17:17:28: Logged in
2026-03-06 17:17:29: Skipping 4978: no media
2026-03-06 17:17:29: Processing message 4980...
2026-03-06 17:17:29: Uploading to target channel 3130614830 with filename 2026-03-06.jpg...
2026-03-06 17:17:29: Uploaded message 4980 -> target
2026-03-06 17:17:29: Processing message 4981...
2026-03-06 17:17:29: Uploading to target channel 3130614830 with filename 2026-03-06.jpg...
2026-03-06 17:17:30: Uploaded message 4981 -> target
2026-03-06 17:17:30: Skipping 4982: no media
2026-03-06 17:17:30: Processing message 4983...
2026-03-06 17:18:02: Uploading to target channel 3130614830 with filename 2026-03-06.m4a...
2026-03-06 17:18:43: Uploaded message 4983 -> target
2026-03-07 17:00:00: Logged in
2026-03-07 17:00:01: Skipping 4984: no media
2026-03-07 17:00:01: Processing message 4985...
2026-03-07 17:00:44: Uploading to target channel 3130614830 with filename 2026-03-07.m4a...
2026-03-07 17:01:40: Uploaded message 4985 -> target
2026-03-08 17:00:01: Logged in
2026-03-08 17:00:01: Skipping 4986: no media
2026-03-09 17:00:00: Logged in
2026-03-09 17:00:01: Skipping 4987: no media
2026-03-09 17:00:01: Processing message 4988...
2026-03-09 17:00:11: Uploading to target channel 3130614830 with filename 2026-03-09.m4a...
2026-03-09 17:00:26: Uploaded message 4988 -> target
2026-03-10 17:00:00: Logged in
2026-03-10 17:00:01: Skipping 4989: no media
2026-03-10 17:00:01: Processing message 4990...
2026-03-10 17:00:35: Uploading to target channel 3130614830 with filename 2026-03-10.m4a...
2026-03-10 17:01:18: Uploaded message 4990 -> target
2026-03-10 17:01:18: Processing message 4991...
2026-03-10 17:01:18: Uploading to target channel 3130614830 with filename 2026-03-10.jpg...
2026-03-10 17:01:19: Uploaded message 4991 -> target
2026-03-10 17:01:19: Processing message 4992...
2026-03-10 17:01:21: Uploading to target channel 3130614830 with filename 2026-03-10.jpg...
2026-03-10 17:01:21: Uploaded message 4992 -> target
2026-03-11 17:00:00: Logged in
2026-03-11 17:00:01: Skipping 4993: no media
2026-03-11 17:00:01: Processing message 4994...
2026-03-11 17:00:41: Uploading to target channel 3130614830 with filename 2026-03-11.m4a...
2026-03-11 17:01:30: Uploaded message 4994 -> target
2026-03-11 17:01:30: Processing message 4995...
2026-03-11 17:01:30: Uploading to target channel 3130614830 with filename 2026-03-11.jpg...
2026-03-11 17:01:31: Uploaded message 4995 -> target
2026-03-12 17:00:02: Logged in
2026-03-12 17:00:02: Skipping 4996: no media
2026-03-12 17:00:02: Processing message 4997...
2026-03-12 17:00:44: Uploading to target channel 3130614830 with filename 2026-03-12.m4a...
2026-03-12 17:01:34: Uploaded message 4997 -> target
2026-03-12 17:01:34: Processing message 4998...
2026-03-12 17:01:34: Uploading to target channel 3130614830 with filename 2026-03-12.jpg...
2026-03-12 17:01:34: Uploaded message 4998 -> target
2026-03-12 17:01:34: Processing message 4999...
2026-03-12 17:01:35: Uploading to target channel 3130614830 with filename 2026-03-12.jpg...
2026-03-12 17:01:35: Uploaded message 4999 -> target
2026-03-12 17:01:35: Processing message 5000...
2026-03-12 17:01:35: Uploading to target channel 3130614830 with filename 2026-03-12.jpg...
2026-03-12 17:01:36: Uploaded message 5000 -> target
2026-03-12 17:01:36: Processing message 5001...
2026-03-12 17:01:36: Uploading to target channel 3130614830 with filename 2026-03-12.jpg...
2026-03-12 17:01:36: Uploaded message 5001 -> target
2026-03-13 17:00:00: Logged in
2026-03-13 17:00:01: Skipping 5002: no media
2026-03-13 17:00:01: Processing message 5003...
2026-03-13 17:00:20: Uploading to target channel 3130614830 with filename 2026-03-13.mp3...
2026-03-13 17:00:48: Uploaded message 5003 -> target
2026-03-14 17:00:01: Logged in
2026-03-14 17:00:01: Processing message 5004...
2026-03-14 17:00:02: Uploading to target channel 3130614830 with filename 2026-03-14.jpg...
2026-03-14 17:00:02: Uploaded message 5004 -> target
2026-03-14 17:00:02: Skipping 5005: no media
2026-03-14 17:00:02: Processing message 5006...
2026-03-14 17:00:34: Uploading to target channel 3130614830 with filename 2026-03-14.m4a...
2026-03-14 17:01:13: Uploaded message 5006 -> target
2026-03-14 17:01:13: Processing message 5007...
2026-03-14 17:01:13: Uploading to target channel 3130614830 with filename 2026-03-14.jpg...
2026-03-14 17:01:13: 
2026-03-14 17:01:14: Uploaded message 5007 -> target
2026-03-14 17:01:14: Processing message 5008...
2026-03-14 17:01:14: Uploading to target channel 3130614830 with filename 2026-03-14.jpg...
2026-03-14 17:01:14: Uploaded message 5008 -> target
2026-03-14 17:01:14: Processing message 5009...
2026-03-14 17:01:14: Uploading to target channel 3130614830 with filename 2026-03-14.jpg...
2026-03-14 17:01:14: Uploaded message 5009 -> target
2026-03-14 17:01:14: Processing message 5010...
2026-03-14 17:01:14: Uploading to target channel 3130614830 with filename 2026-03-14.jpg...
2026-03-14 17:01:15: Uploaded message 5010 -> target
2026-03-14 17:01:15: Processing message 5011...
2026-03-14 17:01:15: Uploading to target channel 3130614830 with filename 2026-03-14.jpg...
2026-03-14 17:01:15: Uploaded message 5011 -> target
2026-03-14 17:01:15: Processing message 5012...
2026-03-14 17:01:15: Uploading to target channel 3130614830 with filename 2026-03-14.jpg...
2026-03-14 17:01:15: Uploaded message 5012 -> target
2026-03-14 17:01:15: Processing message 5013...
2026-03-14 17:01:16: Uploading to target channel 3130614830 with filename 2026-03-14.jpg...
2026-03-14 17:01:16: Uploaded message 5013 -> target
2026-03-14 17:01:16: Processing message 5014...
2026-03-14 17:01:16: Uploading to target channel 3130614830 with filename 2026-03-14.jpg...
2026-03-14 17:01:16: Uploaded message 5014 -> target
2026-03-14 17:01:16: Processing message 5015...
2026-03-14 17:01:16: Uploading to target channel 3130614830 with filename 2026-03-14.jpg...
2026-03-14 17:01:16: Uploaded message 5015 -> target
2026-03-15 17:00:01: Logged in
2026-03-15 17:00:01: Skipping 5016: no media
2026-03-15 17:00:01: 
2026-03-15 17:00:01: Processing message 5017...
2026-03-15 17:00:38: Uploading to target channel 3130614830 with filename 2026-03-15.m4a...
2026-03-15 17:01:26: Uploaded message 5017 -> target
2026-03-16 17:00:00: Logged in
2026-03-16 17:00:01: Skipping 5018: no media
2026-03-16 17:00:01: Processing message 5019...
2026-03-16 17:00:10: Uploading to target channel 3130614830 with filename 2026-03-16.m4a...
2026-03-16 17:00:27: Uploaded message 5019 -> target
2026-03-17 17:00:01: Logged in
2026-03-17 17:00:01: Skipping 5020: no media
2026-03-17 17:00:01: Processing message 5021...
2026-03-17 17:00:47: Uploading to target channel 3130614830 with filename 2026-03-17.m4a...
2026-03-17 17:01:36: Uploaded message 5021 -> target
2026-03-18 17:00:01: Logged in
2026-03-18 17:00:01: Processing message 5022...
2026-03-18 17:00:04: Uploading to target channel 3130614830 with filename 2026-03-18.jpg...
2026-03-18 17:00:04: Uploaded message 5022 -> target
2026-03-18 17:00:04: Skipping 5023: no media
2026-03-18 17:00:04: Processing message 5024...
2026-03-18 17:00:48: Uploading to target channel 3130614830 with filename 2026-03-18.m4a...
2026-03-18 17:01:38: Uploaded message 5024 -> target
2026-03-18 17:01:38: Processing message 5025...
2026-03-18 17:01:39: Uploading to target channel 3130614830 with filename 2026-03-18.jpg...
2026-03-18 17:01:39: Uploaded message 5025 -> target
2026-03-18 17:01:39: Processing message 5026...
2026-03-18 17:01:39: Uploading to target channel 3130614830 with filename 2026-03-18.jpg...
2026-03-18 17:01:39: Uploaded message 5026 -> target
2026-03-19 17:00:00: Logged in
2026-03-19 17:00:01: Skipping 5027: no media
2026-03-19 17:00:01: Processing message 5028...
2026-03-19 17:00:45: Uploading to target channel 3130614830 with filename 2026-03-19.m4a...
2026-03-19 17:01:42: Uploaded message 5028 -> target
2026-03-19 17:01:42: Processing message 5029...
2026-03-19 17:01:42: Uploading to target channel 3130614830 with filename 2026-03-19.jpg...
2026-03-19 17:01:42: Uploaded message 5029 -> target
2026-03-19 17:01:42: Processing message 5030...
2026-03-19 17:01:43: Uploading to target channel 3130614830 with filename 2026-03-19.jpg...
2026-03-19 17:01:43: Uploaded message 5030 -> target
2026-03-21 00:20:58: Logged in
2026-03-21 00:20:59: Skipping 5031: no media
2026-03-21 00:20:59: Processing message 5032...
2026-03-21 00:21:33: Uploading to target channel 3130614830 with filename 2026-03-20.m4a...
2026-03-21 00:22:18: Uploaded message 5032 -> target
2026-03-21 17:00:00: Logged in
2026-03-21 17:00:01: Skipping 5033: no media
2026-03-21 17:00:01: Processing message 5034...
2026-03-21 17:00:38: Uploading to target channel 3130614830 with filename 2026-03-21.m4a...
2026-03-21 17:01:29: Uploaded message 5034 -> target
2026-03-22 17:00:01: Logged in
2026-03-22 17:00:01: Skipping 5035: no media
2026-03-22 17:00:01: Processing message 5036...
2026-03-22 17:00:55: Uploading to target channel 3130614830 with filename 2026-03-22.m4a...
2026-03-22 17:02:02: Uploaded message 5036 -> target
2026-03-23 17:00:00: Logged in
2026-03-23 17:00:01: Skipping 5037: no media
2026-03-23 17:00:01: Processing message 5038...
2026-03-23 17:00:11: Uploading to target channel 3130614830 with filename 2026-03-23.m4a...
2026-03-23 17:00:27: Uploaded message 5038 -> target
2026-03-24 17:00:00: Logged in
2026-03-24 17:00:01: Skipping 5039: no media
2026-03-24 17:00:01: Processing message 5040...
2026-03-24 17:00:42: Uploading to target channel 3130614830 with filename 2026-03-24.m4a...
2026-03-24 17:01:34: Uploaded message 5040 -> target
2026-03-25 17:00:00: Logged in
2026-03-25 17:00:01: Processing message 5041...
2026-03-25 17:00:03: Uploading to target channel 3130614830 with filename 2026-03-25.jpg...
2026-03-25 17:00:03: Uploaded message 5041 -> target
2026-03-25 17:00:03: Skipping 5042: no media
2026-03-25 17:00:03: Processing message 5044...
2026-03-25 17:00:34: Uploading to target channel 3130614830 with filename 2026-03-25.m4a...
2026-03-25 17:01:14: Uploaded message 5044 -> target
2026-03-26 17:00:01: Logged in
2026-03-26 17:00:02: Processing message 5045...
2026-03-26 17:00:02: Uploading to target channel 3130614830 with filename 2026-03-26.jpg...
2026-03-26 17:00:02: Uploaded message 5045 -> target
2026-03-26 17:00:02: Skipping 5046: no media
2026-03-26 17:00:02: Processing message 5047...
2026-03-26 17:00:35: Uploading to target channel 3130614830 with filename 2026-03-26.m4a...
2026-03-26 17:01:15: Uploaded message 5047 -> target
2026-03-31 12:45:39: Logged in
2026-03-31 12:45:40: Processing message 5048...
2026-03-31 12:45:40: Uploading to target channel 3130614830 with filename 2026-03-27.jpg...
2026-03-31 12:45:40: Uploaded message 5048 -> target
2026-03-31 12:45:40: Processing message 5049...
2026-03-31 12:45:40: Uploading to target channel 3130614830 with filename 2026-03-27.pdf...
2026-03-31 12:45:40: Uploaded message 5049 -> target
2026-03-31 12:45:40: Skipping 5050: no media
2026-03-31 12:45:40: Skipping 5052: no media
2026-03-31 12:45:40: Processing message 5054...
2026-03-31 12:45:41: Uploading to target channel 3130614830 with filename 2026-03-28.jpg...
2026-03-31 12:45:41: Uploaded message 5054 -> target
2026-03-31 12:45:41: Skipping 5056: no media
2026-03-31 12:45:41: Skipping 5057: no media
2026-03-31 12:45:41: Processing message 5058...
2026-03-31 12:45:51: Uploading to target channel 3130614830 with filename 2026-03-30.m4a...
2026-03-31 12:45:51: 
2026-03-31 12:46:06: Uploaded message 5058 -> target
2026-03-31 12:46:06: Skipping 5059: no media
2026-03-31 12:46:06: Processing message 5060...
2026-03-31 12:46:39: Uploading to target channel 3130614830 with filename 2026-03-31.m4a...
2026-03-31 12:47:19: Uploaded message 5060 -> target
2026-03-31 17:00:01: Logged in
2026-03-31 17:00:01: No new messages to process.
2026-04-01 17:00:00: Logged in
2026-04-01 17:00:01: Processing message 5061...
2026-04-01 17:00:03: Uploading to target channel 3130614830 with filename 2026-03-31.jpg...
2026-04-01 17:00:03: Uploaded message 5061 -> target
2026-04-01 17:00:03: Processing message 5063...
2026-04-01 17:00:04: Uploading to target channel 3130614830 with filename 2026-04-01.jpg...
2026-04-01 17:00:04: Uploaded message 5063 -> target
2026-04-01 17:00:04: Skipping 5064: no media
2026-04-01 17:00:04: Skipping 5065: no media
2026-04-01 17:00:04: Processing message 5066...
2026-04-01 17:00:39: Uploading to target channel 3130614830 with filename 2026-04-01.m4a...
2026-04-01 17:01:25: Uploaded message 5066 -> target
2026-04-01 17:01:25: Processing message 5067...
2026-04-01 17:01:25: Uploading to target channel 3130614830 with filename 2026-04-01.jpg...
2026-04-01 17:01:25: Uploaded message 5067 -> target
2026-04-01 17:01:25: Processing message 5068...
2026-04-01 17:01:26: Uploading to target channel 3130614830 with filename 2026-04-01.jpg...
2026-04-01 17:01:26: Uploaded message 5068 -> target
2026-04-01 17:01:26: Processing message 5069...
2026-04-01 17:01:26: Uploading to target channel 3130614830 with filename 2026-04-01.jpg...
2026-04-01 17:01:26: Uploaded message 5069 -> target
2026-04-01 17:01:26: Processing message 5070...
2026-04-01 17:01:27: Uploading to target channel 3130614830 with filename 2026-04-01.jpg...
2026-04-01 17:01:27: Uploaded message 5070 -> target
2026-04-01 17:01:27: Processing message 5071...
2026-04-01 17:01:27: Uploading to target channel 3130614830 with filename 2026-04-01.jpg...
2026-04-01 17:01:27: Uploaded message 5071 -> target
2026-04-01 17:01:27: Processing message 5072...
2026-04-01 17:01:27: Uploading to target channel 3130614830 with filename 2026-04-01.jpg...
2026-04-01 17:01:28: Uploaded message 5072 -> target
2026-04-01 17:01:28: Processing message 5073...
2026-04-01 17:01:28: Uploading to target channel 3130614830 with filename 2026-04-01.jpg...
2026-04-01 17:01:28: Uploaded message 5073 -> target
2026-04-01 17:01:28: Processing message 5074...
2026-04-01 17:01:28: Uploading to target channel 3130614830 with filename 2026-04-01.jpg...
2026-04-01 17:01:29: Uploaded message 5074 -> target
2026-04-02 17:00:00: Logged in
2026-04-02 17:00:01: Skipping 5075: no media
2026-04-02 17:00:01: Processing message 5076...
2026-04-02 17:00:32: Uploading to target channel 3130614830 with filename 2026-04-02.m4a...
2026-04-02 17:01:11: Uploaded message 5076 -> target
2026-04-02 17:01:11: Processing message 5078...
2026-04-02 17:01:11: Uploading to target channel 3130614830 with filename 2026-04-02.jpg...
2026-04-02 17:01:11: Uploaded message 5078 -> target
2026-04-02 17:01:11: Skipping 5079: no media
2026-04-03 17:00:01: Logged in
2026-04-03 17:00:01: Skipping 5080: no media
2026-04-03 17:00:01: Processing message 5081...
2026-04-03 17:00:44: Uploading to target channel 3130614830 with filename 2026-04-03.m4a...
2026-04-03 17:01:35: Uploaded message 5081 -> target
2026-04-04 17:00:00: Logged in
2026-04-04 17:00:01: Skipping 5082: no media
2026-04-04 17:00:01: Processing message 5083...
2026-04-04 17:00:41: Uploading to target channel 3130614830 with filename 2026-04-04.m4a...
2026-04-04 17:01:35: Uploaded message 5083 -> target
2026-04-04 17:01:35: Processing message 5084...
2026-04-04 17:01:35: Uploading to target channel 3130614830 with filename 2026-04-04.jpg...
2026-04-04 17:01:36: Uploaded message 5084 -> target
2026-04-04 17:01:36: Processing message 5085...
2026-04-04 17:01:36: Uploading to target channel 3130614830 with filename 2026-04-04.jpg...
2026-04-04 17:01:37: Uploaded message 5085 -> target
2026-04-04 17:01:37: Skipping 5086: no media
2026-04-05 17:00:00: Logged in
2026-04-05 17:00:01: Skipping 5087: no media
2026-04-05 17:00:01: Skipping 5088: no media
2026-04-05 17:00:01: Processing message 5089...
2026-04-05 17:00:48: Uploading to target channel 3130614830 with filename 2026-04-05.mp4...
2026-04-05 17:01:57: Uploaded message 5089 -> target
2026-04-05 17:01:57: Skipping 5090: no media
2026-04-05 17:01:57: Processing message 5091...
2026-04-05 17:02:37: Uploading to target channel 3130614830 with filename 2026-04-05.m4a...
2026-04-05 17:03:27: Uploaded message 5091 -> target
2026-04-06 17:00:01: Logged in
2026-04-06 17:00:01: Skipping 5092: no media
2026-04-06 17:00:01: Processing message 5093...
2026-04-06 17:00:15: Uploading to target channel 3130614830 with filename 2026-04-06.m4a...
2026-04-06 17:00:37: Uploaded message 5093 -> target
2026-04-06 17:00:37: Skipping 5094: no media
2026-04-07 17:00:00: Logged in
2026-04-07 17:00:01: Skipping 5095: no media
2026-04-07 17:00:01: Processing message 5096...
2026-04-07 17:00:33: Uploading to target channel 3130614830 with filename 2026-04-07.m4a...
2026-04-07 17:01:13: Uploaded message 5096 -> target
2026-04-07 17:01:13: Processing message 5097...
2026-04-07 17:01:16: Uploading to target channel 3130614830 with filename 2026-04-07.jpg...
2026-04-07 17:01:16: Uploaded message 5097 -> target
2026-04-08 09:04:19: Logged in
2026-04-08 09:04:20: Skipping 5098: no media
2026-04-08 09:04:20: Processing message 5099...
2026-04-08 09:05:00: Uploading to target channel 3130614830 with filename 2026-04-08.m4a...
2026-04-08 09:05:48: Uploaded message 5099 -> target
2026-04-08 17:00:00: Logged in
2026-04-08 17:00:01: Processing message 5100...
2026-04-08 17:00:01: Uploading to target channel 3130614830 with filename 2026-04-08.jpg...
2026-04-08 17:00:01: Uploaded message 5100 -> target
2026-04-08 17:00:01: Processing message 5101...
2026-04-08 17:00:01: Uploading to target channel 3130614830 with filename 2026-04-08.jpg...
2026-04-08 17:00:02: Uploaded message 5101 -> target
2026-04-09 09:20:51: Logged in
2026-04-09 09:20:52: Skipping 5102: no media
2026-04-09 09:20:52: Processing message 5103...
2026-04-09 09:21:25: Uploading to target channel 3130614830 with filename 2026-04-09.m4a...
2026-04-09 09:22:07: Uploaded message 5103 -> target
2026-04-09 17:00:00: Logged in
2026-04-09 17:00:01: No new messages to process.
2026-04-10 17:00:06: Logged in
2026-04-10 17:00:07: Skipping 5104: no media
2026-04-10 17:00:07: Processing message 5105...
2026-04-10 17:00:20: Uploading to target channel 3130614830 with filename 2026-04-10.mp3...
2026-04-10 17:00:42: Uploaded message 5105 -> target
2026-04-10 17:00:42: Skipping 5106: no media
2026-04-11 17:00:01: Logged in
2026-04-11 17:00:02: Skipping 5107: no media
2026-04-11 17:00:02: Processing message 5108...
2026-04-11 17:00:34: Uploading to target channel 3130614830 with filename 2026-04-11.m4a...
2026-04-11 17:01:14: Uploaded message 5108 -> target
2026-04-12 17:00:01: Logged in
2026-04-12 17:00:01: Skipping 5109: no media
2026-04-12 17:00:01: Processing message 5110...
2026-04-12 17:00:51: Uploading to target channel 3130614830 with filename 2026-04-12.m4a...
2026-04-12 17:02:05: Uploaded message 5110 -> target
2026-04-12 17:02:05: Processing message 5111...
2026-04-12 17:02:06: Uploading to target channel 3130614830 with filename 2026-04-12.jpg...
2026-04-12 17:02:06: Uploaded message 5111 -> target
2026-04-13 17:00:00: Logged in
2026-04-13 17:00:01: Skipping 5112: no media
2026-04-13 17:00:01: Processing message 5113...
2026-04-13 17:00:16: Uploading to target channel 3130614830 with filename 2026-04-13.m4a...
2026-04-13 17:00:32: Uploaded message 5113 -> target
2026-04-14 17:00:00: Logged in
2026-04-14 17:00:01: Skipping 5114: no media
2026-04-14 17:00:01: Processing message 5115...
2026-04-14 17:00:39: Uploading to target channel 3130614830 with filename 2026-04-14.m4a...
2026-04-14 17:01:26: Uploaded message 5115 -> target
2026-04-14 17:01:26: Processing message 5116...
2026-04-14 17:01:29: Uploading to target channel 3130614830 with filename 2026-04-14.jpg...
2026-04-14 17:01:29: Uploaded message 5116 -> target
2026-04-14 17:01:29: Skipping 5119: no media
2026-04-14 17:01:29: Skipping 5120: no media
2026-04-15 17:00:01: Logged in
2026-04-15 17:00:01: Skipping 5121: no media
2026-04-15 17:00:01: Skipping 5122: no media
2026-04-15 17:00:01: Processing message 5123...
2026-04-15 17:00:45: Uploading to target channel 3130614830 with filename 2026-04-15.m4a...
2026-04-15 17:01:44: Uploaded message 5123 -> target
2026-04-15 17:01:44: Skipping 5124: no media
2026-04-16 17:00:01: Logged in
2026-04-16 17:00:01: Skipping 5125: no media
2026-04-16 17:00:01: Processing message 5126...
2026-04-16 17:00:45: Uploading to target channel 3130614830 with filename 2026-04-16.m4a...
2026-04-16 17:01:39: Uploaded message 5126 -> target
2026-04-17 17:00:00: Logged in
2026-04-17 17:00:01: Skipping 5127: no media
2026-04-17 17:00:01: Processing message 5128...
2026-04-17 17:00:40: Uploading to target channel 3130614830 with filename 2026-04-17.m4a...
2026-04-17 17:01:29: Uploaded message 5128 -> target
2026-04-18 17:00:00: Logged in
2026-04-18 17:00:01: Processing message 5129...
2026-04-18 17:00:01: Uploading to target channel 3130614830 with filename 2026-04-17.jpg...
2026-04-18 17:00:01: Uploaded message 5129 -> target
2026-04-18 17:00:01: Skipping 5130: no media
2026-04-18 17:00:02: Processing message 5131...
2026-04-18 17:00:40: Uploading to target channel 3130614830 with filename 2026-04-18.m4a...
2026-04-18 17:01:29: Uploaded message 5131 -> target
2026-04-19 17:00:00: Logged in
2026-04-19 17:00:01: Skipping 5132: no media
2026-04-19 17:00:01: Processing message 5133...
2026-04-19 17:00:40: Uploading to target channel 3130614830 with filename 2026-04-19.m4a...
2026-04-19 17:01:34: Uploaded message 5133 -> target
2026-04-20 17:00:00: Logged in
2026-04-20 17:00:01: Skipping 5134: no media
2026-04-20 17:00:01: Processing message 5135...
2026-04-20 17:00:41: Uploading to target channel 3130614830 with filename 2026-04-20.mp3...
2026-04-20 17:00:57: Uploaded message 5135 -> target
2026-04-20 17:00:57: Processing message 5137...
2026-04-20 17:00:57: Uploading to target channel 3130614830 with filename 2026-04-20.jpg...
2026-04-20 17:00:57: Uploaded message 5137 -> target
2026-04-20 17:00:57: Processing message 5138...
2026-04-20 17:01:00: Uploading to target channel 3130614830 with filename 2026-04-20.jpg...
2026-04-20 17:01:00: Uploaded message 5138 -> target
2026-04-21 17:00:01: Logged in
2026-04-21 17:00:01: Processing message 5139...
2026-04-21 17:00:04: Uploading to target channel 3130614830 with filename 2026-04-21.jpg...
2026-04-21 17:00:04: Uploaded message 5139 -> target
2026-04-21 17:00:04: Skipping 5140: no media
2026-04-21 17:00:04: Processing message 5141...
2026-04-21 17:00:54: Uploading to target channel 3130614830 with filename 2026-04-21.m4a...
2026-04-21 17:02:13: Uploaded message 5141 -> target
2026-04-22 17:00:01: Logged in
2026-04-22 17:00:01: Skipping 5142: no media
2026-04-22 17:00:01: Processing message 5143...
2026-04-22 17:00:41: Uploading to target channel 3130614830 with filename 2026-04-22.m4a...
2026-04-22 17:01:40: Uploaded message 5143 -> target
2026-04-23 09:05:29: Logged in
2026-04-23 09:05:30: Skipping 5144: no media
2026-04-23 09:05:30: Processing message 5145...
2026-04-23 09:06:25: Uploading to target channel 3130614830 with filename 2026-04-23.m4a...
2026-04-23 09:07:31: Uploaded message 5145 -> target
2026-04-23 17:00:01: Logged in
2026-04-23 17:00:01: No new messages to process.
2026-04-23 17:00:01: 
2026-04-24 17:00:01: Logged in
2026-04-24 17:00:01: Skipping 5146: no media
2026-04-24 17:00:01: Processing message 5147...
2026-04-24 17:00:48: Uploading to target channel 3130614830 with filename 2026-04-24.m4a...
2026-04-24 17:01:39: Uploaded message 5147 -> target
2026-04-24 17:01:39: Skipping 5148: no media
2026-04-25 17:00:01: Logged in
2026-04-25 17:00:01: Skipping 5149: no media
2026-04-25 17:00:01: Processing message 5150...
2026-04-25 17:00:38: Uploading to target channel 3130614830 with filename 2026-04-25.m4a...
2026-04-25 17:01:15: Uploaded message 5150 -> target
2026-04-26 17:00:01: Logged in
2026-04-26 17:00:01: Skipping 5151: no media
2026-04-26 17:00:01: Processing message 5152...
2026-04-26 17:00:46: Uploading to target channel 3130614830 with filename 2026-04-26.m4a...
2026-04-26 17:01:42: Uploaded message 5152 -> target
2026-04-27 17:00:00: Logged in
2026-04-27 17:00:01: Skipping 5153: no media
2026-04-27 17:00:01: Processing message 5154...
2026-04-27 17:00:12: Uploading to target channel 3130614830 with filename 2026-04-27.m4a...
2026-04-27 17:00:29: Uploaded message 5154 -> target
2026-04-27 17:00:29: Skipping 5156: no media
2026-04-27 17:00:29: Processing message 5157...
2026-04-27 17:00:29: Uploading to target channel 3130614830 with filename 2026-04-27.jpg...
2026-04-27 17:00:29: Uploaded message 5157 -> target
2026-04-27 17:00:29: Skipping 5158: no media
2026-04-27 17:00:29: Skipping 5159: no media
2026-04-28 17:00:01: Logged in
2026-04-28 17:00:01: Processing message 5160...
2026-04-28 17:00:03: Uploading to target channel 3130614830 with filename 2026-04-28.jpg...
2026-04-28 17:00:04: Uploaded message 5160 -> target
2026-04-28 17:00:04: Processing message 5161...
2026-04-28 17:00:04: Uploading to target channel 3130614830 with filename 2026-04-28.jpg...
2026-04-28 17:00:04: Uploaded message 5161 -> target
2026-04-28 17:00:04: Skipping 5162: no media
2026-04-28 17:00:04: Processing message 5163...
2026-04-28 17:00:49: Uploading to target channel 3130614830 with filename 2026-04-28.m4a...
2026-04-28 17:01:38: Uploaded message 5163 -> target
2026-04-29 17:00:00: Logged in
2026-04-29 17:00:01: Skipping 5164: no media
2026-04-29 17:00:01: Processing message 5165...
2026-04-29 17:00:38: Uploading to target channel 3130614830 with filename 2026-04-29.m4a...
2026-04-29 17:01:23: Uploaded message 5165 -> target
2026-04-30 17:00:01: Logged in
2026-04-30 17:00:01: Skipping 5166: no media
2026-04-30 17:00:01: Processing message 5167...
2026-04-30 17:00:01: Uploading to target channel 3130614830 with filename 2026-04-30.jpg...
2026-04-30 17:00:02: Uploaded message 5167 -> target
2026-04-30 17:00:02: Processing message 5168...
2026-04-30 17:00:02: Uploading to target channel 3130614830 with filename 2026-04-30.jpg...
2026-04-30 17:00:02: Uploaded message 5168 -> target
2026-04-30 17:00:02: Processing message 5169...
2026-04-30 17:00:02: Uploading to target channel 3130614830 with filename 2026-04-30.jpg...
2026-04-30 17:00:03: Uploaded message 5169 -> target
2026-04-30 17:00:03: Processing message 5170...
2026-04-30 17:00:03: Uploading to target channel 3130614830 with filename 2026-04-30.jpg...
2026-04-30 17:00:03: Uploaded message 5170 -> target
2026-04-30 17:00:03: Processing message 5171...
2026-04-30 17:00:04: Uploading to target channel 3130614830 with filename 2026-04-30.jpg...
2026-04-30 17:00:04: Uploaded message 5171 -> target
2026-04-30 17:00:04: Skipping 5172: no media
2026-04-30 17:00:04: Processing message 5173...
2026-04-30 17:00:48: Uploading to target channel 3130614830 with filename 2026-04-30.m4a...
2026-04-30 17:01:44: Uploaded message 5173 -> target
2026-04-30 17:01:44: Processing message 5174...
2026-04-30 17:01:44: Uploading to target channel 3130614830 with filename 2026-04-30.jpg...
2026-04-30 17:01:44: Uploaded message 5174 -> target
2026-05-01 17:00:00: Logged in
2026-05-01 17:00:01: Skipping 5175: no media
2026-05-01 17:00:01: Processing message 5176...
2026-05-01 17:00:32: Uploading to target channel 3130614830 with filename 2026-05-01.m4a...
2026-05-01 17:01:14: Uploaded message 5176 -> target
2026-05-01 17:01:14: Processing message 5177...
2026-05-01 17:01:14: Uploading to target channel 3130614830 with filename 2026-05-01.jpg...
2026-05-01 17:01:14: Uploaded message 5177 -> target
2026-05-01 17:01:14: Processing message 5178...
2026-05-01 17:01:14: Uploading to target channel 3130614830 with filename 2026-05-01.jpg...
2026-05-01 17:01:15: Uploaded message 5178 -> target
2026-05-01 17:01:15: Processing message 5179...
2026-05-01 17:01:15: Uploading to target channel 3130614830 with filename 2026-05-01.jpg...
2026-05-01 17:01:15: Uploaded message 5179 -> target
2026-05-02 17:00:00: Logged in
2026-05-02 17:00:01: Skipping 5180: no media
2026-05-02 17:00:01: Processing message 5181...
2026-05-02 17:00:16: Uploading to target channel 3130614830 with filename 2026-05-02.mp3...
2026-05-02 17:00:39: Uploaded message 5181 -> target
2026-05-03 17:00:00: Logged in
2026-05-03 17:00:01: Skipping 5182: no media
2026-05-03 17:00:01: Processing message 5183...
2026-05-03 17:00:49: Uploading to target channel 3130614830 with filename 2026-05-03.m4a...
2026-05-03 17:01:51: Uploaded message 5183 -> target
2026-05-04 17:00:01: Logged in
2026-05-04 17:00:01: Skipping 5184: no media
2026-05-04 17:00:01: Processing message 5185...
2026-05-04 17:00:14: Uploading to target channel 3130614830 with filename 2026-05-04.m4a...
2026-05-04 17:00:31: Uploaded message 5185 -> target
2026-05-04 17:00:31: Processing message 5186...
2026-05-04 17:00:31: Uploading to target channel 3130614830 with filename 2026-05-04.jpg...
2026-05-04 17:00:31: Uploaded message 5186 -> target
2026-05-04 17:00:31: Processing message 5187...
2026-05-04 17:00:31: Uploading to target channel 3130614830 with filename 2026-05-04.jpg...
2026-05-04 17:00:32: Uploaded message 5187 -> target
2026-05-05 17:00:00: Logged in
2026-05-05 17:00:01: Processing message 5188...
2026-05-05 17:00:03: Uploading to target channel 3130614830 with filename 2026-05-05.jpg...
2026-05-05 17:00:04: Uploaded message 5188 -> target
2026-05-05 17:00:04: Skipping 5189: no media
2026-05-05 17:00:04: Processing message 5190...
2026-05-05 17:00:41: Uploading to target channel 3130614830 with filename 2026-05-05.m4a...
2026-05-05 17:01:26: Uploaded message 5190 -> target
2026-05-05 17:01:26: Skipping 5192: no media
2026-05-06 17:00:00: Logged in
2026-05-06 17:00:01: Skipping 5193: no media
2026-05-06 17:00:01: Processing message 5194...
2026-05-06 17:00:42: Uploading to target channel 3130614830 with filename 2026-05-06.m4a...
2026-05-06 17:01:34: Uploaded message 5194 -> target
2026-05-07 17:00:00: Logged in
2026-05-07 17:00:01: Skipping 5195: no media
2026-05-07 17:00:01: Processing message 5196...
2026-05-07 17:00:41: Uploading to target channel 3130614830 with filename 2026-05-07.m4a...
2026-05-07 17:01:30: Uploaded message 5196 -> target
2026-05-07 17:01:30: Processing message 5197...
2026-05-07 17:01:30: Uploading to target channel 3130614830 with filename 2026-05-07.jpg...
2026-05-07 17:01:30: Uploaded message 5197 -> target
2026-05-07 17:01:30: Skipping 5198: no media
2026-05-07 17:01:30: Processing message 5199...
2026-05-07 17:01:30: Uploading to target channel 3130614830 with filename 2026-05-07.jpg...
2026-05-07 17:01:30: Uploaded message 5199 -> target
2026-05-07 17:01:30: Processing message 5200...
2026-05-07 17:01:30: Uploading to target channel 3130614830 with filename 2026-05-07.jpg...
2026-05-07 17:01:31: Uploaded message 5200 -> target
2026-05-07 17:01:31: Processing message 5201...
2026-05-07 17:01:31: Uploading to target channel 3130614830 with filename 2026-05-07.jpg...
2026-05-07 17:01:31: Uploaded message 5201 -> target
2026-05-08 17:00:00: Logged in
2026-05-08 17:00:01: Skipping 5202: no media
2026-05-08 17:00:01: Processing message 5203...
2026-05-08 17:00:20: Uploading to target channel 3130614830 with filename 2026-05-08.mp3...
2026-05-08 17:00:48: Uploaded message 5203 -> target
2026-05-08 17:00:48: Processing message 5204...
2026-05-08 17:00:48: Uploading to target channel 3130614830 with filename 2026-05-08.jpg...
2026-05-08 17:00:49: Uploaded message 5204 -> target
2026-05-09 12:28:14: Logged in
2026-05-09 12:28:14: Skipping 5205: no media
2026-05-09 12:28:14: Processing message 5206...
2026-05-09 12:28:50: Uploading to target channel 3130614830 with filename 2026-05-09.m4a...
2026-05-09 12:29:32: Uploaded message 5206 -> target
2026-05-09 12:50:16: Logged in
2026-05-09 12:50:16: No new messages to process.
2026-05-09 12:50:16: 
2026-05-09 12:56:13: Logged in
2026-05-09 12:56:13: No new messages to process.
2026-05-09 13:11:23: Please enter your phone (or bot token): 
2026-05-09 13:20:33: Logged in
2026-05-09 13:20:33: 
2026-05-09 13:20:33: No new messages to process.
2026-05-09 13:28:27: Logged in
2026-05-09 13:28:28: No new messages to process.
2026-05-09 13:41:41: Logged in
2026-05-09 13:41:42: No new messages to process.
2026-05-10 09:46:10: Website upload disabled: set BNS_ADMIN_USERNAME and BNS_ADMIN_PASSWORD in .env
2026-05-10 09:46:10: 
2026-05-10 09:46:10: Telegram notifications disabled: set BOT_TOKEN and TELEGRAM_NOTIFY_CHAT_ID in .env
2026-05-10 09:46:10: Logged in
2026-05-10 09:46:10: Processing message 5207...
2026-05-10 09:46:52: Uploading to target channel 3130614830 with filename 2026-05-10.m4a...
2026-05-11 02:03:43: Logged in
2026-05-11 02:03:43: Processing message 5207...
2026-05-11 02:04:29: Uploading 2026-05-10.m4a to https://bns.classchats.net via Selenium...
2026-05-11 02:04:39: [ERROR] BNS Website Upload Exception
2026-05-11 02:04:39: File: 2026-05-10.m4a
2026-05-11 02:04:39: Error: Message: session not created: Chrome instance exited. Examine ChromeDriver verbose log to determine the cause.
2026-05-11 02:04:39: Stacktrace:
2026-05-11 02:04:39: #0 0x00557fd72dc0 <unknown>
2026-05-11 02:04:39: #1 0x00557f716388 <unknown>
2026-05-11 02:04:39: #2 0x00557f74d808 <unknown>
2026-05-11 02:04:39: #3 0x00557f7489a8 <unknown>
2026-05-11 02:04:39: #4 0x00557f78fe60 <unknown>
2026-05-11 02:04:39: #5 0x00557f78f794 <unknown>
2026-05-11 02:04:39: #6 0x00557f754328 <unknown>
2026-05-11 02:04:39: #7 0x00557fd35600 <unknown>
2026-05-11 02:04:39: #8 0x00557fd386ac <unknown>
2026-05-11 02:04:39: #9 0x00557fd38258 <unknown>
2026-05-11 02:04:39: #10 0x00557fd25fe4 <unknown>
2026-05-11 02:04:39: #11 0x00557fd38d34 <unknown>
2026-05-11 02:04:39: #12 0x00557fd0f278 <unknown>
2026-05-11 02:04:39: #13 0x00557fd5f1e8 <unknown>
2026-05-11 02:04:39: #14 0x00557fd5f410 <unknown>
2026-05-11 02:04:39: #15 0x00557fd717cc <unknown>
2026-05-11 02:04:39: #16 0x007f9867202c <unknown>
2026-05-11 02:04:39: #17 0x007f986dbf58 <unknown>
2026-05-11 02:04:39: Uploading to target channel 3130614830 with filename 2026-05-10.m4a...
2026-05-11 02:05:30: Uploaded message 5207 -> target
2026-05-11 11:52:54: Logged in
2026-05-11 11:52:54: Processing message 5208...
2026-05-11 11:53:06: Uploading 2026-05-11.m4a to https://bns.classchats.net via Selenium...
2026-05-11 11:54:29: [SKIP] BNS Website Upload Skipped (Already Uploaded)
2026-05-11 11:54:29: File: 2026-05-11.m4a
2026-05-11 11:54:29: Reason: "2026-05-11.m4a" seems to be already uploaded. Continue anyway?
2026-05-11 11:54:30: Uploading to target channel 3130614830 with filename 2026-05-11.m4a...
2026-05-11 11:54:46: Uploaded message 5208 -> target
2026-05-11 12:01:36: Logged in
2026-05-11 12:01:37: No new messages to process.
2026-05-11 13:40:37: Logged in
2026-05-11 13:40:37: Processing message 5209...
2026-05-11 13:40:37: 
2026-05-11 13:40:59: Uploading 2026-05-11.mp4 to https://bns.classchats.net via Selenium...
2026-05-11 13:42:32: [ERROR] BNS Website Upload Error
2026-05-11 13:42:32: File: 2026-05-11.mp4
2026-05-11 13:42:32: Reason: Admin login form not found on the upload page.
2026-05-11 13:42:32: 
2026-05-11 13:42:32: Title: Brahma Naa Sange | Deep Wisdom Archive
2026-05-11 13:42:32: URL: https://bns.classchats.net/?view=dashboard
2026-05-11 13:42:32: 
2026-05-11 13:42:32: Brahma naa sange
2026-05-11 13:42:32: Home
2026-05-11 13:42:32: Search
2026-05-11 13:42:32: Starred
2026-05-11 13:42:32: Archive
2026-05-11 13:42:32: Brahma naa sange Archived.
2026-05-11 13:42:32: Find what you need.
2026-05-11 13:42:32: The oasis of Mahant Swami Maharaj's life and teachings. Relive each recording with transcripts and AI search.
2026-05-11 13:42:32: Deep Search
2026-05-11 13:42:32: Find references and exact timestamps instantly with AI backed search.
2026-05-11 13:42:32: View Archive
2026-05-11 13:42:32: Browse available recordings and transcripts.
2026-05-11 13:42:32: RECENT UPLOADS
2026-05-11 13:42:32: LATEST UPLOADS
2026-05-11 13:42:32: May 11th, 2026
2026-05-11 13:42:32: UPLOADED ON 5/11/2026
2026-05-11 13:42:32: VIEW
2026-05-11 13:42:32: From April 22-28, 2026, Mahant Swami Maharaj was in Surat, where he emphasized performing service with love and glory, stating that all actions are accounted for. He blessed two families for their engagement, highlighting the importance of unity and humility for true happiness, and performed *dīkṣā* for Yāgn Bhagat, stressing firm adherence to spiritual principles. Swami Maharaj conducted site visits for the Akshardham construction, commending volunteers' tireless efforts, including women undertaking challenging physical tasks, and linked service to *mokṣa*, asserting that Maharaj Himself serves through devotees. He extensively discoursed on *sahaj sampark* (spiritual outreach), citing numerous examples of devotees initiating *satsang* assemblies, inspiring *pūjā* acceptance, connecting communities, and transforming lives through dedication, while also reiterating the profoun...
2026-05-11 13:42:32: 
2026-05-11 13:42:32: HTML: logs/selenium/admin-form-missing-20260511-134206.html, Screenshot: logs/selenium/admin-form-missing-20260511-134206.png
2026-05-11 13:42:32: Uploading to target channel 3130614830 with filename 2026-05-11.mp4...
2026-05-11 13:42:32: 
2026-05-11 13:43:19: Uploaded message 5209 -> target
2026-05-11 13:43:19: Processing message 5210...
2026-05-11 13:43:19: Uploading 2026-05-11.jpg to https://bns.classchats.net via Selenium...
2026-05-11 13:43:19: 
2026-05-11 13:44:31: [ERROR] BNS Website Upload Error
2026-05-11 13:44:31: File: 2026-05-11.jpg
2026-05-11 13:44:31: Reason: ChromeDriver start failed: Message: session not created
2026-05-11 13:44:31: from timeout: Timed out receiving message from renderer: 60.000
2026-05-11 13:44:31: Stacktrace:
2026-05-11 13:44:31: #0 0x005579412dc0 <unknown>
2026-05-11 13:44:31: #1 0x005578db6388 <unknown>
2026-05-11 13:44:31: #2 0x005578d9fd9c <unknown>
2026-05-11 13:44:31: #3 0x005578d9deec <unknown>
2026-05-11 13:44:31: #4 0x005578d9e368 <unknown>
2026-05-11 13:44:31: #5 0x005578df2258 <unknown>
2026-05-11 13:44:31: #6 0x005578ded574 <unknown>
2026-05-11 13:44:31: #7 0x005578de89a8 <unknown>
2026-05-11 13:44:31: #8 0x005578e2fe60 <unknown>
2026-05-11 13:44:31: #9 0x005578e2f794 <unknown>
2026-05-11 13:44:31: #10 0x005578df4328 <unknown>
2026-05-11 13:44:31: #11 0x0055793d5600 <unknown>
2026-05-11 13:44:31: #12 0x0055793d86ac <unknown>
2026-05-11 13:44:31: #13 0x0055793d8258 <unknown>
2026-05-11 13:44:31: #14 0x0055793c5fe4 <unknown>
2026-05-11 13:44:31: #15 0x0055793d8d34 <unknown>
2026-05-11 13:44:31: #16 0x0055793af278 <unknown>
2026-05-11 13:44:31: #17 0x0055793ff1e8 <unknown>
2026-05-11 13:44:31: #18 0x0055793ff410 <unknown>
2026-05-11 13:44:31: #19 0x0055794117cc <unknown>
2026-05-11 13:44:31: #20 0x007f92fd202c <unknown>
2026-05-11 13:44:31: #21 0x007f9303bf58 <unknown>
2026-05-11 13:44:32: Uploading to target channel 3130614830 with filename 2026-05-11.jpg...
2026-05-11 13:44:32: Uploaded message 5210 -> target
2026-05-11 18:45:05: Logged in
2026-05-11 18:45:05: 
2026-05-11 18:45:05: No new messages to process.
2026-05-12 12:01:36: Logged in
2026-05-12 12:01:36: Processing message 5211...
2026-05-12 12:02:14: Uploading 2026-05-12.m4a to https://bns.classchats.net via Selenium...
2026-05-12 12:42:45: [ERROR] BNS Website Upload Error
2026-05-12 12:42:45: File: 2026-05-12.m4a
2026-05-12 12:42:45: Reason: Timed out waiting for upload completion after 2400s
2026-05-12 12:42:46: Uploading to target channel 3130614830 with filename 2026-05-12.m4a...
2026-05-12 12:43:43: Uploaded message 5211 -> target
2026-05-12 12:43:43: Processing message 5212...
2026-05-12 12:43:45: Uploading 2026-05-12.jpg to https://bns.classchats.net via Selenium...
2026-05-12 12:44:50: [ERROR] BNS Website Upload Error
2026-05-12 12:44:50: File: 2026-05-12.jpg
2026-05-12 12:44:50: Reason: Admin login form not found on the upload page.
2026-05-12 12:44:50: 
2026-05-12 12:44:50: Title: classchats.net | 520: Web server is returning an unknown error
2026-05-12 12:44:50: URL: https://bns.classchats.net/
2026-05-12 12:44:50: 
2026-05-12 12:44:50: Web server is returning an unknown error Error code 520
2026-05-12 12:44:50: Visit cloudflare.com for more information.
2026-05-12 12:44:50: 2026-05-12 16:43:48 UTC
2026-05-12 12:44:50: You
2026-05-12 12:44:50: Browser
2026-05-12 12:44:50: Working
2026-05-12 12:44:50: Atlanta
2026-05-12 12:44:50: Cloudflare
2026-05-12 12:44:50: Working
2026-05-12 12:44:50: bns.classchats.net
2026-05-12 12:44:50: Host
2026-05-12 12:44:50: Error
2026-05-12 12:44:50: What happened?
2026-05-12 12:44:50: There is an unknown connection issue between Cloudflare and the origin web server. As a result, the web page can not be displayed.
2026-05-12 12:44:50: What can I do?
2026-05-12 12:44:50: If you are a visitor of this website:
2026-05-12 12:44:50: Please try again in a few minutes.
2026-05-12 12:44:50: If you are the owner of this website:
2026-05-12 12:44:50: There is an issue between Cloudflare's cache and your origin web server. Cloudflare monitors for these errors and automatically investigates the cause. To help support the investigation, you can pull the corresponding error log from your web server and submit it our support team. Please include the Ray ID (which is at the bottom of this error page). Additional troubleshooting resources.
2026-05-12 12:44:50: Cloudflare Ray ID: 9faae26d8e7935ce • Your IP: Click to reveal • Performance & security by Cloudflare
2026-05-12 12:44:50: 
2026-05-12 12:44:50: HTML: logs/selenium/admin-form-missing-20260512-124449.html, Screenshot: logs/selenium/admin-form-missing-20260512-124449.png
2026-05-12 12:44:51: Uploading to target channel 3130614830 with filename 2026-05-12.jpg...
2026-05-12 12:44:51: Uploaded message 5212 -> target
2026-05-12 13:18:51: Please enter your phone (or bot token): 
2026-05-13 12:00:01: Please enter your phone (or bot token): 
2026-05-14 12:00:03: Please enter your phone (or bot token): 
2026-05-15 12:00:03: Please enter your phone (or bot token): 
