2026-04-08 09:03:04: Traceback (most recent call last):
2026-04-08 09:03:04:   File "/home/nisch/Desktop/MediaGrabber/daily_bns_sync.py", line 121, in main
2026-04-08 09:03:04:     await client.start()
2026-04-08 09:03:04:   File "/home/nisch/Desktop/MediaGrabber/.venv/lib/python3.11/site-packages/telethon/client/auth.py", line 135, in _start
2026-04-08 09:03:04:     await self.connect()
2026-04-08 09:03:04:   File "/home/nisch/Desktop/MediaGrabber/.venv/lib/python3.11/site-packages/telethon/client/telegrambaseclient.py", line 558, in connect
2026-04-08 09:03:04:     self.session.auth_key = self._sender.auth_key
2026-04-08 09:03:04:     ^^^^^^^^^^^^^^^^^^^^^
2026-04-08 09:03:04:   File "/home/nisch/Desktop/MediaGrabber/.venv/lib/python3.11/site-packages/telethon/sessions/sqlite.py", line 180, in auth_key
2026-04-08 09:03:04:     self._update_session_table()
2026-04-08 09:03:04:   File "/home/nisch/Desktop/MediaGrabber/.venv/lib/python3.11/site-packages/telethon/sessions/sqlite.py", line 194, in _update_session_table
2026-04-08 09:03:04:     c.execute('delete from sessions')
2026-04-08 09:03:04: sqlite3.OperationalError: database is locked
2026-04-08 09:03:04: 
2026-04-08 09:03:04: During handling of the above exception, another exception occurred:
2026-04-08 09:03:04: 
2026-04-08 09:03:04: Traceback (most recent call last):
2026-04-08 09:03:04:   File "/home/nisch/Desktop/MediaGrabber/daily_bns_sync.py", line 247, in <module>
2026-04-08 09:03:04:     asyncio.run(main())
2026-04-08 09:03:04:   File "/usr/lib/python3.11/asyncio/runners.py", line 190, in run
2026-04-08 09:03:04:     return runner.run(main)
2026-04-08 09:03:04:            ^^^^^^^^^^^^^^^^
2026-04-08 09:03:04:   File "/usr/lib/python3.11/asyncio/runners.py", line 118, in run
2026-04-08 09:03:04:     return self._loop.run_until_complete(task)
2026-04-08 09:03:04: ^^^^^^^^
2026-04-08 09:03:04:   File "/usr/lib/python3.11/asyncio/base_events.py", line 653, in run_until_complete
2026-04-08 09:03:04:     return future.result()
2026-04-08 09:03:04:            ^^^^^^^^^^^^^^^
2026-04-08 09:03:04:   File "/home/nisch/Desktop/MediaGrabber/daily_bns_sync.py", line 243, in main
2026-04-08 09:03:04:     await client.disconnect()
2026-04-08 09:03:04:   File "/home/nisch/Desktop/MediaGrabber/.venv/lib/python3.11/site-packages/telethon/client/telegrambaseclient.py", line 735, in _disconnect_coro
2026-04-08 09:03:04:     self._save_states_and_entities()
2026-04-08 09:03:04:   File "/home/nisch/Desktop/MediaGrabber/.venv/lib/python3.11/site-packages/telethon/client/telegrambaseclient.py", line 700, in _save_states_and_entities
2026-04-08 09:03:04:     self.session.set_update_state(0, types.updates.State(**ss, unread_count=0))
2026-04-08 09:03:04:   File "/home/nisch/Desktop/MediaGrabber/.venv/lib/python3.11/site-packages/telethon/sessions/sqlite.py", line 214, in set_update_state
2026-04-08 09:03:04: self._execute('insert or replace into update_state values (?,?,?,?,?)',
2026-04-08 09:03:04:   File "/home/nisch/Desktop/MediaGrabber/.venv/lib/python3.11/site-packages/telethon/sessions/sqlite.py", line 253, in _execute
2026-04-08 09:03:04:     return c.execute(stmt, values).fetchone()
2026-04-08 09:03:04:            ^^^^^^^^^^^^^^^^^^^^^^^
2026-04-08 09:03:04: sqlite3.OperationalError: database is locked
2026-04-23 09:02:18: Traceback (most recent call last):
2026-04-23 09:02:18:   File "/home/nisch/Desktop/MediaGrabber/daily_bns_sync.py", line 121, in main
2026-04-23 09:02:18:     await client.start()
2026-04-23 09:02:18:   File "/home/nisch/Desktop/MediaGrabber/.venv/lib/python3.11/site-packages/telethon/client/auth.py", line 135, in _start
2026-04-23 09:02:18:     await self.connect()
2026-04-23 09:02:18:   File "/home/nisch/Desktop/MediaGrabber/.venv/lib/python3.11/site-packages/telethon/client/telegrambaseclient.py", line 558, in connect
2026-04-23 09:02:18:     self.session.auth_key = self._sender.auth_key
2026-04-23 09:02:18:     ^^^^^^^^^^^^^^^^^^^^^
2026-04-23 09:02:18:   File "/home/nisch/Desktop/MediaGrabber/.venv/lib/python3.11/site-packages/telethon/sessions/sqlite.py", line 180, in auth_key
2026-04-23 09:02:18:     self._update_session_table()
2026-04-23 09:02:18:   File "/home/nisch/Desktop/MediaGrabber/.venv/lib/python3.11/site-packages/telethon/sessions/sqlite.py", line 194, in _update_session_table
2026-04-23 09:02:18:     c.execute('delete from sessions')
2026-04-23 09:02:18: sqlite3.OperationalError: database is locked
2026-04-23 09:02:18: 
2026-04-23 09:02:18: During handling of the above exception, another exception occurred:
2026-04-23 09:02:18: 
2026-04-23 09:02:18: Traceback (most recent call last):
2026-04-23 09:02:18:   File "/home/nisch/Desktop/MediaGrabber/daily_bns_sync.py", line 247, in <module>
2026-04-23 09:02:18:     asyncio.run(main())
2026-04-23 09:02:18:   File "/usr/lib/python3.11/asyncio/runners.py", line 190, in run
2026-04-23 09:02:18:     return runner.run(main)
2026-04-23 09:02:18:            ^^^^^^^^^^^^^^^^
2026-04-23 09:02:18:   File "/usr/lib/python3.11/asyncio/runners.py", line 118, in run
2026-04-23 09:02:18:     return self._loop.run_until_complete(task)
2026-04-23 09:02:18:            ^^^^^^^^^^^^^^^^^^^^^^^^^^^^^^^^^^^
2026-04-23 09:02:18:   File "/usr/lib/python3.11/asyncio/base_events.py", line 653, in run_until_complete
2026-04-23 09:02:18:     return future.result()
2026-04-23 09:02:18:            ^^^^^^^^^^^^^^^
2026-04-23 09:02:18:   File "/home/nisch/Desktop/MediaGrabber/daily_bns_sync.py", line 243, in main
2026-04-23 09:02:18:     await client.disconnect()
2026-04-23 09:02:18:   File "/home/nisch/Desktop/MediaGrabber/.venv/lib/python3.11/site-packages/telethon/client/telegrambaseclient.py", line 735, in _disconnect_coro
2026-04-23 09:02:18:     self._save_states_and_entities()
2026-04-23 09:02:18:   File "/home/nisch/Desktop/MediaGrabber/.venv/lib/python3.11/site-packages/telethon/client/telegrambaseclient.py", line 700, in _save_states_and_entities
2026-04-23 09:02:18:     self.session.set_update_state(0, types.updates.State(**ss, unread_count=0))
2026-04-23 09:02:18:   File "/home/nisch/Desktop/MediaGrabber/.venv/lib/python3.11/site-packages/telethon/sessions/sqlite.py", line 214, in set_update_state
2026-04-23 09:02:18:     self._execute('insert or replace into update_state values (?,?,?,?,?)',
2026-04-23 09:02:18:   File "/home/nisch/Desktop/MediaGrabber/.venv/lib/python3.11/site-packages/telethon/sessions/sqlite.py", line 253, in _execute
2026-04-23 09:02:18:     return c.execute(stmt, values).fetchone()
2026-04-23 09:02:18:            ^^^^^^^^^^^^^^^^^^^^^^^
2026-04-23 09:02:18: sqlite3.OperationalError: database is locked
2026-05-10 09:47:41: Traceback (most recent call last):
2026-05-10 09:47:41:   File "/home/nisch/Desktop/MediaGrabber/daily_bns_sync.py", line 459, in main
2026-05-10 09:47:41:     await client.start()
2026-05-10 09:47:41:   File "/home/nisch/Desktop/MediaGrabber/.venv/lib/python3.11/site-packages/telethon/client/auth.py", line 135, in _start
2026-05-10 09:47:41:     await self.connect()
2026-05-10 09:47:41:   File "/home/nisch/Desktop/MediaGrabber/.venv/lib/python3.11/site-packages/telethon/client/telegrambaseclient.py", line 558, in connect
2026-05-10 09:47:41:     self.session.auth_key = self._sender.auth_key
2026-05-10 09:47:41:     ^^^^^^^^^^^^^^^^^^^^^
2026-05-10 09:47:41:   File "/home/nisch/Desktop/MediaGrabber/.venv/lib/python3.11/site-packages/telethon/sessions/sqlite.py", line 180, in auth_key
2026-05-10 09:47:41:     self._update_session_table()
2026-05-10 09:47:41:   File "/home/nisch/Desktop/MediaGrabber/.venv/lib/python3.11/site-packages/telethon/sessions/sqlite.py", line 194, in _update_session_table
2026-05-10 09:47:41:     c.execute('delete from sessions')
2026-05-10 09:47:41: sqlite3.OperationalError: database is locked
2026-05-10 09:47:41: 
2026-05-10 09:47:41: During handling of the above exception, another exception occurred:
2026-05-10 09:47:41: 
2026-05-10 09:47:41: Traceback (most recent call last):
2026-05-10 09:47:41:   File "/home/nisch/Desktop/MediaGrabber/daily_bns_sync.py", line 659, in <module>
2026-05-10 09:47:41:     asyncio.run(main())
2026-05-10 09:47:41:   File "/usr/lib/python3.11/asyncio/runners.py", line 190, in run
2026-05-10 09:47:41:     return runner.run(main)
2026-05-10 09:47:41:            ^^^^^^^^^^^^^^^^
2026-05-10 09:47:41:   File "/usr/lib/python3.11/asyncio/runners.py", line 118, in run
2026-05-10 09:47:41:     return self._loop.run_until_complete(task)
2026-05-10 09:47:41:            ^^^^^^^^^^^^^^^^^^^^^^^^^^^^^^^^^^^
2026-05-10 09:47:41:   File "/usr/lib/python3.11/asyncio/base_events.py", line 653, in run_until_complete
2026-05-10 09:47:41:     return future.result()
2026-05-10 09:47:41:            ^^^^^^^^^^^^^^^
2026-05-10 09:47:41:   File "/home/nisch/Desktop/MediaGrabber/daily_bns_sync.py", line 655, in main
2026-05-10 09:47:41:     await client.disconnect()
2026-05-10 09:47:41:   File "/home/nisch/Desktop/MediaGrabber/.venv/lib/python3.11/site-packages/telethon/client/telegrambaseclient.py", line 735, in _disconnect_coro
2026-05-10 09:47:41:     self._save_states_and_entities()
2026-05-10 09:47:41:   File "/home/nisch/Desktop/MediaGrabber/.venv/lib/python3.11/site-packages/telethon/client/telegrambaseclient.py", line 700, in _save_states_and_entities
2026-05-10 09:47:41:     self.session.set_update_state(0, types.updates.State(**ss, unread_count=0))
2026-05-10 09:47:41:   File "/home/nisch/Desktop/MediaGrabber/.venv/lib/python3.11/site-packages/telethon/sessions/sqlite.py", line 214, in set_update_state
2026-05-10 09:47:41:     self._execute('insert or replace into update_state values (?,?,?,?,?)',
2026-05-10 09:47:41:   File "/home/nisch/Desktop/MediaGrabber/.venv/lib/python3.11/site-packages/telethon/sessions/sqlite.py", line 253, in _execute
2026-05-10 09:47:41:     return c.execute(stmt, values).fetchone()
2026-05-10 09:47:41:            ^^^^^^^^^^^^^^^^^^^^^^^
2026-05-10 09:47:41: sqlite3.OperationalError: database is locked
2026-05-11 12:34:52: Traceback (most recent call last):
2026-05-11 12:34:52:   File "/home/nisch/Desktop/MediaGrabber/daily_bns_sync.py", line 638, in main
2026-05-11 12:34:52:     await client.start()
2026-05-11 12:34:52:   File "/home/nisch/Desktop/MediaGrabber/.venv/lib/python3.11/site-packages/telethon/client/auth.py", line 135, in _start
2026-05-11 12:34:52:     await self.connect()
2026-05-11 12:34:52:   File "/home/nisch/Desktop/MediaGrabber/.venv/lib/python3.11/site-packages/telethon/client/telegrambaseclient.py", line 599, in connect
2026-05-11 12:34:52:     me = await self.get_me()
2026-05-11 12:34:52:          ^^^^^^^^^^^^^^^^^^^
2026-05-11 12:34:52:   File "/home/nisch/Desktop/MediaGrabber/.venv/lib/python3.11/site-packages/telethon/client/users.py", line 164, in get_me
2026-05-11 12:34:53:     me = (await self(
2026-05-11 12:34:53:           ^^^^^^^^^^^
2026-05-11 12:34:53:   File "/home/nisch/Desktop/MediaGrabber/.venv/lib/python3.11/site-packages/telethon/client/users.py", line 30, in __call__
2026-05-11 12:34:53:     return await self._call(self._sender, request, ordered=ordered)
2026-05-11 12:34:53:            ^^^^^^^^^^^^^^^^^^^^^^^^^^^^^^^^^^^^^^^^^^^^^^^^^^^^^^^^
2026-05-11 12:34:53:   File "/home/nisch/Desktop/MediaGrabber/.venv/lib/python3.11/site-packages/telethon/client/users.py", line 88, in _call
2026-05-11 12:34:53:     self.session.process_entities(result)
2026-05-11 12:34:53:   File "/home/nisch/Desktop/MediaGrabber/.venv/lib/python3.11/site-packages/telethon/sessions/sqlite.py", line 301, in process_entities
2026-05-11 12:34:53:     c.executemany(
2026-05-11 12:34:53: : database is locked
2026-05-11 12:34:53: 
2026-05-11 12:34:53: During handling of the above exception, another exception occurred:
2026-05-11 12:34:53: 
2026-05-11 12:34:53: Traceback (most recent call last):
2026-05-11 12:34:53:   File "/home/nisch/Desktop/MediaGrabber/daily_bns_sync.py", line 838, in <module>
2026-05-11 12:34:53:     asyncio.run(main())
2026-05-11 12:34:53:   File "/usr/lib/python3.11/asyncio/runners.py", line 190, in run
2026-05-11 12:34:53:     return runner.run(main)
2026-05-11 12:34:53:            ^^^^^^^^^^^^^^^^
2026-05-11 12:34:53:   File "/usr/lib/python3.11/asyncio/runners.py", line 118, in run
2026-05-11 12:34:53:     return self._loop.run_until_complete(task)
2026-05-11 12:34:53:      ^^^^^^^^^^^^^^^^^^^^^^^^^^^^^^^^^^^
2026-05-11 12:34:53:   File "/usr/lib/python3.11/asyncio/base_events.py", line 653, in run_until_complete
2026-05-11 12:34:53:     return future.result()
2026-05-11 12:34:53:            ^^^^^^^^^^^^^^^
2026-05-11 12:34:53:   File "/home/nisch/Desktop/MediaGrabber/daily_bns_sync.py", line 834, in main
2026-05-11 12:34:53:     await client.disconnect()
2026-05-11 12:34:53:   File "/home/nisch/Desktop/MediaGrabber/.venv/lib/python3.11/site-packages/telethon/client/telegrambaseclient.py", line 735, in _disconnect_coro
2026-05-11 12:34:53:     self._save_states_and_entities()
2026-05-11 12:34:53:   File "/home/nisch/Desktop/MediaGrabber/.venv/lib/python3.11/site-packages/telethon/client/telegrambaseclient.py", line 692, in _save_states_and_entities
2026-05-11 12:34:53:     self.session.process_entities(types.contacts.ResolvedPeer(None, [e._as_input_peer() for e in entities], []))
2026-05-11 12:34:53:   File "/home/nisch/Desktop/MediaGrabber/.venv/lib/python3.11/site-packages/telethon/sessions/sqlite.py", line 301, in process_entities
2026-05-11 12:34:53:     c.executemany(
2026-05-11 12:34:53: sqlite3.OperationalError: database is locked
2026-05-11 13:42:33: Server closed the connection: 0 bytes read on a total of 8 expected bytes
2026-05-12 12:42:46: Server closed the connection: 0 bytes read on a total of 8 expected bytes
2026-06-07 12:00:03: Attempt 1 at connecting failed: OSError: [Errno 113] Connect call failed ('149.154.167.51', 443)
2026-06-07 12:00:06: Attempt 2 at connecting failed: OSError: [Errno 113] Connect call failed ('149.154.167.51', 443)
2026-06-07 12:00:09: Attempt 3 at connecting failed: OSError: [Errno 113] Connect call failed ('149.154.167.51', 443)
2026-06-07 12:00:12: Attempt 4 at connecting failed: OSError: [Errno 113] Connect call failed ('149.154.167.51', 443)
2026-06-07 12:00:15: Attempt 5 at connecting failed: OSError: [Errno 113] Connect call failed ('149.154.167.51', 443)
2026-06-07 12:00:18: Attempt 6 at connecting failed: OSError: [Errno 113] Connect call failed ('149.154.167.51', 443)
2026-06-07 12:00:19: Traceback (most recent call last):
2026-06-07 12:00:19:   File "/home/nisch/Desktop/MediaGrabber/daily_bns_sync.py", line 1141, in <module>
2026-06-07 12:00:19:     asyncio.run(main())
2026-06-07 12:00:19:   File "/usr/lib/python3.11/asyncio/runners.py", line 190, in run
2026-06-07 12:00:19:     return runner.run(main)
2026-06-07 12:00:19:            ^^^^^^^^^^^^^^^^
2026-06-07 12:00:19:   File "/usr/lib/python3.11/asyncio/runners.py", line 118, in run
2026-06-07 12:00:19:     return self._loop.run_until_complete(task)
2026-06-07 12:00:19:  ^^^^^^^^^^^^^^^^^^^^^^^^^^^^^^^^^^^
2026-06-07 12:00:19:   File "/usr/lib/python3.11/asyncio/base_events.py", line 653, in run_until_complete
2026-06-07 12:00:19:     return future.result()
2026-06-07 12:00:19:            ^^^^^^^^^^^^^^^
2026-06-07 12:00:19:   File "/home/nisch/Desktop/MediaGrabber/daily_bns_sync.py", line 933, in main
2026-06-07 12:00:19:     await client.start()
2026-06-07 12:00:19:   File "/home/nisch/Desktop/MediaGrabber/.venv/lib/python3.11/site-packages/telethon/client/auth.py", line 135, in _start
2026-06-07 12:00:19:     await self.connect()
2026-06-07 12:00:19:   File "/home/nisch/Desktop/MediaGrabber/.venv/lib/python3.11/site-packages/telethon/client/telegrambaseclient.py", line 547, in connect
2026-06-07 12:00:19:     if not await self._sender.connect(self._connection(
2026-06-07 12:00:19:     ^^^^^^^^^^^^^^^^^^^^^^^^^^^^^^^^^^^^^^^^^^^^
2026-06-07 12:00:19:   File "/home/nisch/Desktop/MediaGrabber/.venv/lib/python3.11/site-packages/telethon/network/mtprotosender.py", line 134, in connect
2026-06-07 12:00:19:     await self._connect()
2026-06-07 12:00:19:   File "/home/nisch/Desktop/MediaGrabber/.venv/lib/python3.11/site-packages/telethon/network/mtprotosender.py", line 260, in _connect
2026-06-07 12:00:19:     raise ConnectionError('Connection to Telegram failed {} time(s)'.format(self._retries))
2026-06-07 12:00:19: ConnectionError: Connection to Telegram failed 5 time(s)
2026-06-09 12:00:03: Attempt 1 at connecting failed: OSError: [Errno 113] Connect call failed ('149.154.167.51', 443)
2026-06-09 12:00:06: Attempt 2 at connecting failed: OSError: [Errno 113] Connect call failed ('149.154.167.51', 443)
2026-06-09 12:00:09: Attempt 3 at connecting failed: OSError: [Errno 113] Connect call failed ('149.154.167.51', 443)
2026-06-09 12:00:12: Attempt 4 at connecting failed: OSError: [Errno 113] Connect call failed ('149.154.167.51', 443)
2026-06-09 12:00:15: Attempt 5 at connecting failed: OSError: [Errno 113] Connect call failed ('149.154.167.51', 443)
2026-06-09 12:00:18: Attempt 6 at connecting failed: OSError: [Errno 113] Connect call failed ('149.154.167.51', 443)
2026-06-09 12:00:19: Traceback (most recent call last):
2026-06-09 12:00:19:   File "/home/nisch/Desktop/MediaGrabber/daily_bns_sync.py", line 1141, in <module>
2026-06-09 12:00:19:     asyncio.run(main())
2026-06-09 12:00:19:   File "/usr/lib/python3.11/asyncio/runners.py", line 190, in run
2026-06-09 12:00:19:     return runner.run(main)
2026-06-09 12:00:19: ^^^^^^^^^^^
2026-06-09 12:00:19:   File "/usr/lib/python3.11/asyncio/runners.py", line 118, in run
2026-06-09 12:00:19:     return self._loop.run_until_complete(task)
2026-06-09 12:00:19:      ^^^^^^^^^^^^^^^^^^^^^^^^^^^^^^^^^^^
2026-06-09 12:00:19:   File "/usr/lib/python3.11/asyncio/base_events.py", line 653, in run_until_complete
2026-06-09 12:00:19:     return future.result()
2026-06-09 12:00:19:            ^^^^^^^^^^^^^^^
2026-06-09 12:00:19:   File "/home/nisch/Desktop/MediaGrabber/daily_bns_sync.py", line 933, in main
2026-06-09 12:00:19:     await client.start()
2026-06-09 12:00:19:   File "/home/nisch/Desktop/MediaGrabber/.venv/lib/python3.11/site-packages/telethon/client/auth.py", line 135, in _start
2026-06-09 12:00:19:     await self.connect()
2026-06-09 12:00:19:   File "/home/nisch/Desktop/MediaGrabber/.venv/lib/python3.11/site-packages/telethon/client/telegrambaseclient.py", line 547, in connect
2026-06-09 12:00:19:     if not await self._sender.connect(self._connection(
2026-06-09 12:00:19:        ^^^^^^^^^^^^^^^^^^^^^^^^^^^^^^^^^^^^^^^^^^^^
2026-06-09 12:00:19:   File "/home/nisch/Desktop/MediaGrabber/.venv/lib/python3.11/site-packages/telethon/network/mtprotosender.py", line 134, in connect
2026-06-09 12:00:19:     await self._connect()
2026-06-09 12:00:19:   File "/home/nisch/Desktop/MediaGrabber/.venv/lib/python3.11/site-packages/telethon/network/mtprotosender.py", line 260, in _connect
2026-06-09 12:00:19:     raise ConnectionError('Connection to Telegram failed {} time(s)'.format(self._retries))
2026-06-09 12:00:19: ConnectionError: Connection to Telegram failed 5 time(s)
2026-06-14 19:17:01: Attempt 1 at connecting failed: OSError: [Errno 113] Connect call failed ('149.154.167.51', 443)
2026-06-14 19:17:04: Attempt 2 at connecting failed: OSError: [Errno 113] Connect call failed ('149.154.167.51', 443)
2026-06-14 19:17:07: Attempt 3 at connecting failed: OSError: [Errno 113] Connect call failed ('149.154.167.51', 443)
2026-06-14 19:17:11: Attempt 4 at connecting failed: OSError: [Errno 101] Connect call failed ('149.154.167.51', 443)
2026-06-14 19:17:31: Attempt 5 at connecting failed: OSError: [Errno 101] Connect call failed ('149.154.167.51', 443)
2026-06-14 19:17:39: Attempt 6 at connecting failed: OSError: [Errno 101] Connect call failed ('149.154.167.51', 443)
2026-06-14 19:17:41: Traceback (most recent call last):
2026-06-14 19:17:41:   File "/home/nisch/Desktop/MediaGrabber/daily_bns_sync.py", line 1141, in <module>
2026-06-14 19:17:41:     asyncio.run(main())
2026-06-14 19:17:41:   File "/usr/lib/python3.11/asyncio/runners.py", line 190, in run
2026-06-14 19:17:41:     return runner.run(main)
2026-06-14 19:17:41:            ^^^^^^^^^^^^^^^^
2026-06-14 19:17:41:   File "/usr/lib/python3.11/asyncio/runners.py", line 118, in run
2026-06-14 19:17:41:     return self._loop.run_until_complete(task)
2026-06-14 19:17:41:            ^^^^^^^^^^^^^^^^^^^^^^^^^^^^^^^^^^^
2026-06-14 19:17:41:   File "/usr/lib/python3.11/asyncio/base_events.py", line 653, in run_until_complete
2026-06-14 19:17:41:     return future.result()
2026-06-14 19:17:41:            ^^^^^^^^^^^^^^^
2026-06-14 19:17:41:   File "/home/nisch/Desktop/MediaGrabber/daily_bns_sync.py", line 933, in main
2026-06-14 19:17:41:     await client.start()
2026-06-14 19:17:41:   File "/home/nisch/Desktop/MediaGrabber/.venv/lib/python3.11/site-packages/telethon/client/auth.py", line 135, in _start
2026-06-14 19:17:41:     await self.connect()
2026-06-14 19:17:41:   File "/home/nisch/Desktop/MediaGrabber/.venv/lib/python3.11/site-packages/telethon/client/telegrambaseclient.py", line 547, in connect
2026-06-14 19:17:41:     if not await self._sender.connect(self._connection(
2026-06-14 19:17:41:            ^^^^^^^^^^^^^^^^^^^^^^^^^^^^^^^^^^^^^^^^^^^^
2026-06-14 19:17:41:   File "/home/nisch/Desktop/MediaGrabber/.venv/lib/python3.11/site-packages/telethon/network/mtprotosender.py", line 134, in connect
2026-06-14 19:17:41:     await self._connect()
2026-06-14 19:17:41:   File "/home/nisch/Desktop/MediaGrabber/.venv/lib/python3.11/site-packages/telethon/network/mtprotosender.py", line 260, in _connect
2026-06-14 19:17:41:     raise ConnectionError('Connection to Telegram failed {} time(s)'.format(self._retries))
2026-06-14 19:17:41: ConnectionError: Connection to Telegram failed 5 time(s)
2026-06-15 08:53:48: Attempt 1 at connecting failed: OSError: [Errno 101] Connect call failed ('149.154.167.51', 443)
2026-06-15 08:53:56: Attempt 2 at connecting failed: OSError: [Errno 101] Connect call failed ('149.154.167.51', 443)
2026-06-15 08:54:04: Attempt 3 at connecting failed: OSError: [Errno 101] Connect call failed ('149.154.167.51', 443)
2026-06-15 08:54:11: Attempt 4 at connecting failed: OSError: [Errno 101] Connect call failed ('149.154.167.51', 443)
2026-07-28 22:40:41: Attempt 1 at connecting failed: OSError: [Errno 113] Connect call failed ('149.154.167.51', 443)
2026-07-28 22:40:44: Attempt 2 at connecting failed: OSError: [Errno 113] Connect call failed ('149.154.167.51', 443)
2026-07-28 22:40:48: Attempt 3 at connecting failed: OSError: [Errno 101] Connect call failed ('149.154.167.51', 443)
2026-07-28 22:41:01: Attempt 4 at connecting failed: OSError: [Errno 101] Connect call failed ('149.154.167.51', 443)
2026-07-28 22:41:13: Attempt 5 at connecting failed: OSError: [Errno 101] Connect call failed ('149.154.167.51', 443)
2026-07-28 22:41:14: Attempt 6 at connecting failed: OSError: [Errno 101] Connect call failed ('149.154.167.51', 443)
2026-07-28 22:41:15: Traceback (most recent call last):
2026-07-28 22:41:15:   File "/home/nisch/Desktop/MediaGrabber/daily_bns_sync.py", line 1266, in <module>
2026-07-28 22:41:15:     asyncio.run(main())
2026-07-28 22:41:15:   File "/usr/lib/python3.11/asyncio/runners.py", line 190, in run
2026-07-28 22:41:15:     return runner.run(main)
2026-07-28 22:41:15:            ^^^^^^^^^^^^^^^^
2026-07-28 22:41:15:   File "/usr/lib/python3.11/asyncio/runners.py", line 118, in run
2026-07-28 22:41:15:     return self._loop.run_until_complete(task)
2026-07-28 22:41:15:            ^^^^^^^^^^^^^^^^^^^^^^^^^^^^^^^^^^^
2026-07-28 22:41:15:   File "/usr/lib/python3.11/asyncio/base_events.py", line 653, in run_until_complete
2026-07-28 22:41:15:     return future.result()
2026-07-28 22:41:15:            ^^^^^^^^^^^^^^^
2026-07-28 22:41:15:   File "/home/nisch/Desktop/MediaGrabber/daily_bns_sync.py", line 1044, in main
2026-07-28 22:41:15:     await client.start()
2026-07-28 22:41:15:   File "/home/nisch/Desktop/MediaGrabber/.venv/lib/python3.11/site-packages/telethon/client/auth.py", line 135, in _start
2026-07-28 22:41:15:     await self.connect()
2026-07-28 22:41:15:   File "/home/nisch/Desktop/MediaGrabber/.venv/lib/python3.11/site-packages/telethon/client/telegrambaseclient.py", line 547, in connect
2026-07-28 22:41:15:     if not await self._sender.connect(self._connection(
2026-07-28 22:41:15:   ^^^^^^^^^^^^^^^^^^^^^^^^^^^^^^^^^^^^^^^^^^^^
2026-07-28 22:41:15:   File "/home/nisch/Desktop/MediaGrabber/.venv/lib/python3.11/site-packages/telethon/network/mtprotosender.py", line 134, in connect
2026-07-28 22:41:15:     await self._connect()
2026-07-28 22:41:15:   File "/home/nisch/Desktop/MediaGrabber/.venv/lib/python3.11/site-packages/telethon/network/mtprotosender.py", line 260, in _connect
2026-07-28 22:41:15:     raise ConnectionError('Connection to Telegram failed {} time(s)'.format(self._retries))
2026-07-28 22:41:15: ConnectionError: Connection to Telegram failed 5 time(s)
2026-08-17 12:00:03: Traceback (most recent call last):
2026-08-17 12:00:03:   File "/home/nisch/Desktop/MediaGrabber/daily_bns_sync.py", line 1266, in <module>
2026-08-17 12:00:03:     asyncio.run(main())
2026-08-17 12:00:03:   File "/usr/lib/python3.11/asyncio/runners.py", line 190, in run
2026-08-17 12:00:03:     return runner.run(main)
2026-08-17 12:00:03:            ^^^^^^^^^^^^^^^^
2026-08-17 12:00:03:   File "/usr/lib/python3.11/asyncio/runners.py", line 118, in run
2026-08-17 12:00:03: return self._loop.run_until_complete(task)
2026-08-17 12:00:03:            ^^^^^^^^^^^^^^^^^^^^^^^^^^^^^^^^^^^
2026-08-17 12:00:03:   File "/usr/lib/python3.11/asyncio/base_events.py", line 653, in run_until_complete
2026-08-17 12:00:03:     return future.result()
2026-08-17 12:00:03:            ^^^^^^^^^^^^^^^
2026-08-17 12:00:03:   File "/home/nisch/Desktop/MediaGrabber/daily_bns_sync.py", line 1044, in main
2026-08-17 12:00:03:     await client.start()
2026-08-17 12:00:03:   File "/home/nisch/Desktop/MediaGrabber/.venv/lib/python3.11/site-packages/telethon/client/auth.py", line 135, in _start
2026-08-17 12:00:03:     await self.connect()
2026-08-17 12:00:03:   File "/home/nisch/Desktop/MediaGrabber/.venv/lib/python3.11/site-packages/telethon/client/telegrambaseclient.py", line 599, in connect
2026-08-17 12:00:03:     me = await self.get_me()
2026-08-17 12:00:03:          ^^^^^^^^^^^^^^^^^^^
2026-08-17 12:00:03:   File "/home/nisch/Desktop/MediaGrabber/.venv/lib/python3.11/site-packages/telethon/client/users.py", line 164, in get_me
2026-08-17 12:00:03:     me = (await self(
2026-08-17 12:00:03:   ^^^^^^^^^^^
2026-08-17 12:00:03:   File "/home/nisch/Desktop/MediaGrabber/.venv/lib/python3.11/site-packages/telethon/client/users.py", line 30, in __call__
2026-08-17 12:00:03:     return await self._call(self._sender, request, ordered=ordered)
2026-08-17 12:00:03: ^^^^^^^^^^^^^^^^^^^^^^^^^^^^^^^^^^^^^^^^^^^^^^^^^
2026-08-17 12:00:03:   File "/home/nisch/Desktop/MediaGrabber/.venv/lib/python3.11/site-packages/telethon/client/users.py", line 87, in _call
2026-08-17 12:00:03:     result = await future
2026-08-17 12:00:03:              ^^^^^^^^^^^^
2026-08-17 12:00:03: : Connection not initialized (caused by GetUsersRequest)
2026-09-18 13:06:45: Attempt 1 at connecting failed: TimeoutError: 
